[2026-05-11 13:53:35.074] [INFO] [windsurf_account_manager_lib::commands::auto_continue_commands] Auto continue bridge listening on http://127.0.0.1:38478
[2026-05-11 13:53:40.737] [INFO] [windsurf_account_manager_lib::commands::windsurf_info] Windsurf info: name=Some("Mason King"), email=Some("windsurf2.026.0212+ov5nr@gmail.com"), plan=Some("Pro"), version=Some("2.2.17")
[2026-05-11 13:53:42.361] [INFO] [windsurf_account_manager_lib::commands::windsurf_info] Windsurf info: name=Some("Betty Martinez"), email=Some("w.indsu.rf202602.12+bfz4x@gmail.com"), plan=None, version=Some("2.2.17")
[2026-05-11 13:53:51.532] [INFO] [windsurf_account_manager_lib::services::windsurf_service] [GetPlanStatus] Status code: 200, token_prefix=devin-session-token$eyJhb..., response_size=1787 bytes
[2026-05-11 13:54:10.183] [INFO] [windsurf_account_manager_lib::commands::profile_commands] [Profile] Creating profile: id=467168d1-926e-45ed-a31e-3920112736ad, name=2, user_data_dir=/Users/duoo/Library/Application Support/WindsurfProfiles/467168d1-926e-45ed-a31e-3920112736ad, os=macos, arch=x86_64
[2026-05-11 13:54:10.185] [INFO] [windsurf_account_manager_lib::commands::profile_commands] [Profile] 已从主实例复制配置到新分身: copied=["settings.json", "snippets/"], main_user=/Users/duoo/Library/Application Support/Windsurf/User, target_user=/Users/duoo/Library/Application Support/WindsurfProfiles/467168d1-926e-45ed-a31e-3920112736ad/User
[2026-05-11 13:54:25.806] [INFO] [windsurf_account_manager_lib::services::auth_service] [refresh_session_with_auth1] Refreshing session via WindsurfPostAuth...
[2026-05-11 13:54:25.806] [INFO] [windsurf_account_manager_lib::services::auth_service] [refresh_session_with_auth1] Refreshing session via WindsurfPostAuth...
[2026-05-11 13:54:25.806] [INFO] [windsurf_account_manager_lib::services::auth_service] [refresh_session_with_auth1] Refreshing session via WindsurfPostAuth...
[2026-05-11 13:54:25.806] [INFO] [windsurf_account_manager_lib::services::auth_service] [refresh_session_with_auth1] Refreshing session via WindsurfPostAuth...
[2026-05-11 13:54:25.807] [INFO] [windsurf_account_manager_lib::services::auth_service] [refresh_session_with_auth1] Refreshing session via WindsurfPostAuth...
[2026-05-11 13:54:25.807] [INFO] [windsurf_account_manager_lib::services::auth_service] [refresh_session_with_auth1] Refreshing session via WindsurfPostAuth...
[2026-05-11 13:54:25.807] [INFO] [windsurf_account_manager_lib::services::auth_service] [refresh_session_with_auth1] Refreshing session via WindsurfPostAuth...
[2026-05-11 13:54:25.807] [INFO] [windsurf_account_manager_lib::services::auth_service] [refresh_session_with_auth1] Refreshing session via WindsurfPostAuth...
[2026-05-11 13:54:25.808] [INFO] [windsurf_account_manager_lib::services::auth_service] [refresh_session_with_auth1] Refreshing session via WindsurfPostAuth...
[2026-05-11 13:54:25.808] [INFO] [windsurf_account_manager_lib::services::auth_service] [refresh_session_with_auth1] Refreshing session via WindsurfPostAuth...
[2026-05-11 13:54:27.845] [INFO] [windsurf_account_manager_lib::services::windsurf_service] [GetPlanStatus] Status code: 200, token_prefix=devin-session-token$eyJhb..., response_size=1785 bytes
[2026-05-11 13:54:27.873] [INFO] [windsurf_account_manager_lib::services::windsurf_service] [GetPlanStatus] Status code: 200, token_prefix=devin-session-token$eyJhb..., response_size=1785 bytes
[2026-05-11 13:54:27.994] [INFO] [windsurf_account_manager_lib::services::windsurf_service] [GetPlanStatus] Status code: 200, token_prefix=devin-session-token$eyJhb..., response_size=1785 bytes
[2026-05-11 13:54:27.997] [INFO] [windsurf_account_manager_lib::services::windsurf_service] [GetPlanStatus] Status code: 200, token_prefix=devin-session-token$eyJhb..., response_size=1787 bytes
[2026-05-11 13:54:27.998] [INFO] [windsurf_account_manager_lib::services::windsurf_service] [GetPlanStatus] Status code: 200, token_prefix=devin-session-token$eyJhb..., response_size=1797 bytes
[2026-05-11 13:54:28.100] [INFO] [windsurf_account_manager_lib::services::windsurf_service] [GetPlanStatus] Status code: 200, token_prefix=devin-session-token$eyJhb..., response_size=1797 bytes
[2026-05-11 13:54:28.200] [INFO] [windsurf_account_manager_lib::services::windsurf_service] [GetPlanStatus] Status code: 200, token_prefix=devin-session-token$eyJhb..., response_size=1799 bytes
[2026-05-11 13:54:28.242] [INFO] [windsurf_account_manager_lib::services::windsurf_service] [GetPlanStatus] Status code: 200, token_prefix=devin-session-token$eyJhb..., response_size=1787 bytes
[2026-05-11 13:54:28.257] [INFO] [windsurf_account_manager_lib::services::windsurf_service] [GetPlanStatus] Status code: 200, token_prefix=devin-session-token$eyJhb..., response_size=1787 bytes
[2026-05-11 13:54:28.907] [INFO] [windsurf_account_manager_lib::services::windsurf_service] [GetPlanStatus] Status code: 200, token_prefix=devin-session-token$eyJhb..., response_size=1787 bytes
[2026-05-11 13:54:29.745] [INFO] [windsurf_account_manager_lib::services::windsurf_service] [GetPlanStatus] Status code: 200, token_prefix=devin-session-token$eyJhb..., response_size=1787 bytes
[2026-05-11 13:54:38.775] [INFO] [windsurf_account_manager_lib::commands::profile_commands] Switching profile '2' to account windsu.rf2.0260.212+2mlk1@gmail.com
[2026-05-11 13:54:38.781] [INFO] [windsurf_account_manager_lib::commands::switch_account_commands] Using devin-auth flow (auth1_ token detected)...
[2026-05-11 13:54:38.781] [INFO] [windsurf_account_manager_lib::services::auth_service] [refresh_ott] Refreshing OTT with auth1_token...
[2026-05-11 13:54:39.556] [INFO] [windsurf_account_manager_lib::services::auth_service] [GetOneTimeAuthToken refresh] Trying GetOneTimeAuthToken variant=web_backend_session_x_auth body_prefix=devin-session-token$...
[2026-05-11 13:54:40.245] [INFO] [windsurf_account_manager_lib::services::auth_service] [GetOneTimeAuthToken refresh] variant=web_backend_session_x_auth succeeded
[2026-05-11 13:54:40.245] [INFO] [windsurf_account_manager_lib::services::auth_service] [refresh_ott] OK: OTT=ott$22iUAAjwjnAQLMUs...
[2026-05-11 13:54:40.791] [INFO] [windsurf_account_manager_lib::commands::switch_account_commands] RegisterUser SUCCESS (via devin-auth): apiKey=devin-session-token$..., name=Ava Nelson, server=https://server.self-serve.windsurf.com
[2026-05-11 13:54:40.791] [INFO] [windsurf_account_manager_lib::services::auth_service] [GetOneTimeAuthToken] Trying GetOneTimeAuthToken variant=web_backend_session_x_auth body_prefix=devin-session-token$...
[2026-05-11 13:54:41.194] [INFO] [windsurf_account_manager_lib::services::auth_service] [GetOneTimeAuthToken] variant=web_backend_session_x_auth succeeded
[2026-05-11 13:54:41.194] [INFO] [windsurf_account_manager_lib::services::auth_service] [get_fresh_ott] New OTT=ott$ji10d7PfQ9OttHya...
[2026-05-11 13:54:41.194] [WARN] [windsurf_account_manager_lib::commands::switch_account_commands] storage.json not found for profile '2' at "/Users/duoo/Library/Application Support/WindsurfProfiles/467168d1-926e-45ed-a31e-3920112736ad/User/globalStorage/storage.json"; skip (profile may not have been launched yet)
[2026-05-11 13:54:41.243] [INFO] [windsurf_account_manager_lib::commands::switch_account_commands] [Profile][macOS] Found Windsurf executable: /Applications/Windsurf.app/Contents/MacOS/Windsurf
[2026-05-11 13:54:41.243] [INFO] [windsurf_account_manager_lib::commands::profile_commands] [Profile][macOS] Preparing profile callback login: profile_id=467168d1-926e-45ed-a31e-3920112736ad, was_running=false, already_authenticated=false, user_data_dir=/Users/duoo/Library/Application Support/WindsurfProfiles/467168d1-926e-45ed-a31e-3920112736ad, arch=x86_64
[2026-05-11 13:54:41.243] [INFO] [windsurf_account_manager_lib::commands::profile_commands] [Profile][macOS] Profile not running, launching window before callback: profile_id=467168d1-926e-45ed-a31e-3920112736ad, target_email=windsu.rf2.0260.212+2mlk1@gmail.com
[2026-05-11 13:54:41.243] [INFO] [windsurf_account_manager_lib::commands::profile_commands] [Profile][macOS] Launching Windsurf: profile_id=467168d1-926e-45ed-a31e-3920112736ad, name=2, exe=/Applications/Windsurf.app/Contents/MacOS/Windsurf, user_data_dir=/Users/duoo/Library/Application Support/WindsurfProfiles/467168d1-926e-45ed-a31e-3920112736ad, arch=x86_64
[2026-05-11 13:54:41.250] [INFO] [windsurf_account_manager_lib::commands::profile_commands] [Profile][macOS] Windsurf spawn requested: profile_id=467168d1-926e-45ed-a31e-3920112736ad, pid=19727
[2026-05-11 13:54:41.250] [INFO] [windsurf_account_manager_lib::commands::profile_commands] [Profile][macOS] Waiting 1500ms for profile window before callback: profile_id=467168d1-926e-45ed-a31e-3920112736ad, user_data_dir=/Users/duoo/Library/Application Support/WindsurfProfiles/467168d1-926e-45ed-a31e-3920112736ad
[2026-05-11 13:54:42.753] [INFO] [windsurf_account_manager_lib::commands::switch_account_commands] Triggering Windsurf callback (target=/Users/duoo/Library/Application Support/WindsurfProfiles/467168d1-926e-45ed-a31e-3920112736ad): windsurf://codeium.windsurf#access_token=<hidden>&state=0d6edc77-0026-489f-8954-b212c51a68ce&token_type=Bearer
[2026-05-11 13:54:42.753] [INFO] [windsurf_account_manager_lib::commands::switch_account_commands] [Profile][macOS] Found Windsurf executable: /Applications/Windsurf.app/Contents/MacOS/Windsurf
[2026-05-11 13:54:42.753] [INFO] [windsurf_account_manager_lib::commands::switch_account_commands] [Profile][macOS] Dispatching callback via Windsurf app binary: target=/Users/duoo/Library/Application Support/WindsurfProfiles/467168d1-926e-45ed-a31e-3920112736ad, exe=/Applications/Windsurf.app/Contents/MacOS/Windsurf, arch=x86_64
[2026-05-11 13:54:44.826] [INFO] [windsurf_account_manager_lib::commands::switch_account_commands] [Profile][macOS] Successfully triggered Windsurf callback via CLI
[2026-05-11 13:54:44.831] [INFO] [windsurf_account_manager_lib::commands::switch_account_commands] Successfully triggered Windsurf callback
[2026-05-11 13:54:44.833] [WARN] [windsurf_account_manager_lib::commands::windsurf_info] Could not detect active Windsurf session
[2026-05-11 13:54:45.340] [WARN] [windsurf_account_manager_lib::commands::windsurf_info] Could not detect active Windsurf session
[2026-05-11 13:54:45.842] [WARN] [windsurf_account_manager_lib::commands::windsurf_info] Could not detect active Windsurf session
[2026-05-11 13:54:46.344] [WARN] [windsurf_account_manager_lib::commands::windsurf_info] Could not detect active Windsurf session
[2026-05-11 13:54:46.869] [WARN] [windsurf_account_manager_lib::commands::windsurf_info] Could not detect active Windsurf session
[2026-05-11 13:54:47.371] [WARN] [windsurf_account_manager_lib::commands::windsurf_info] Could not detect active Windsurf session
[2026-05-11 13:54:47.880] [WARN] [windsurf_account_manager_lib::commands::windsurf_info] Could not detect active Windsurf session
[2026-05-11 13:54:48.381] [WARN] [windsurf_account_manager_lib::commands::windsurf_info] Could not detect active Windsurf session
[2026-05-11 13:54:48.884] [WARN] [windsurf_account_manager_lib::commands::windsurf_info] Could not detect active Windsurf session
[2026-05-11 13:54:49.380] [WARN] [windsurf_account_manager_lib::commands::windsurf_info] Could not detect active Windsurf session
[2026-05-11 13:54:49.387] [WARN] [windsurf_account_manager_lib::commands::windsurf_info] Could not detect active Windsurf session
[2026-05-11 13:54:49.889] [WARN] [windsurf_account_manager_lib::commands::windsurf_info] Could not detect active Windsurf session
[2026-05-11 13:54:50.393] [WARN] [windsurf_account_manager_lib::commands::windsurf_info] Could not detect active Windsurf session
[2026-05-11 13:54:50.896] [WARN] [windsurf_account_manager_lib::commands::profile_commands] [Profile][macOS] Profile callback not reflected yet, leaving editor to finish asynchronously: profile_id=467168d1-926e-45ed-a31e-3920112736ad, target_email=windsu.rf2.0260.212+2mlk1@gmail.com, user_data_dir=/Users/duoo/Library/Application Support/WindsurfProfiles/467168d1-926e-45ed-a31e-3920112736ad, dispatch_callback=true
[2026-05-11 13:54:50.897] [WARN] [windsurf_account_manager_lib::commands::windsurf_info] Could not detect active Windsurf session
[2026-05-11 13:54:51.404] [WARN] [windsurf_account_manager_lib::commands::windsurf_info] Could not detect active Windsurf session
[2026-05-11 13:54:51.907] [WARN] [windsurf_account_manager_lib::commands::windsurf_info] Could not detect active Windsurf session
[2026-05-11 13:54:52.410] [WARN] [windsurf_account_manager_lib::commands::windsurf_info] Could not detect active Windsurf session
[2026-05-11 13:54:52.913] [WARN] [windsurf_account_manager_lib::commands::windsurf_info] Could not detect active Windsurf session
[2026-05-11 13:54:53.434] [WARN] [windsurf_account_manager_lib::commands::windsurf_info] Could not detect active Windsurf session
[2026-05-11 13:54:53.936] [WARN] [windsurf_account_manager_lib::commands::windsurf_info] Could not detect active Windsurf session
[2026-05-11 13:54:54.439] [WARN] [windsurf_account_manager_lib::commands::windsurf_info] Could not detect active Windsurf session
[2026-05-11 13:54:54.942] [WARN] [windsurf_account_manager_lib::commands::windsurf_info] Could not detect active Windsurf session
[2026-05-11 13:54:55.445] [WARN] [windsurf_account_manager_lib::commands::windsurf_info] Could not detect active Windsurf session
[2026-05-11 13:54:55.947] [WARN] [windsurf_account_manager_lib::commands::windsurf_info] Could not detect active Windsurf session
[2026-05-11 13:54:56.451] [WARN] [windsurf_account_manager_lib::commands::windsurf_info] Could not detect active Windsurf session
[2026-05-11 13:54:56.966] [WARN] [windsurf_account_manager_lib::commands::profile_commands] [Profile] 切号后未在短时间内读到目标账号，等待编辑器异步生效: profile_id=467168d1-926e-45ed-a31e-3920112736ad, target_email=windsu.rf2.0260.212+2mlk1@gmail.com, user_data_dir=/Users/duoo/Library/Application Support/WindsurfProfiles/467168d1-926e-45ed-a31e-3920112736ad, os=macos, arch=x86_64
[2026-05-11 13:54:57.147] [WARN] [windsurf_account_manager_lib::commands::windsurf_info] Could not detect active Windsurf session
[2026-05-11 13:54:58.686] [WARN] [windsurf_account_manager_lib::commands::windsurf_info] Could not detect active Windsurf session
[2026-05-11 13:54:59.523] [INFO] [windsurf_account_manager_lib::services::windsurf_service] [GetPlanStatus] Status code: 200, token_prefix=devin-session-token$eyJhb..., response_size=1787 bytes
[2026-05-11 13:54:59.620] [WARN] [windsurf_account_manager_lib::commands::windsurf_info] Could not detect active Windsurf session
[2026-05-11 13:55:03.674] [WARN] [windsurf_account_manager_lib::commands::windsurf_info] Could not detect active Windsurf session
[2026-05-11 13:55:08.633] [WARN] [windsurf_account_manager_lib::commands::windsurf_info] Could not detect active Windsurf session
[2026-05-11 13:55:09.346] [WARN] [windsurf_account_manager_lib::commands::windsurf_info] Could not detect active Windsurf session
[2026-05-11 13:55:13.638] [WARN] [windsurf_account_manager_lib::commands::windsurf_info] Could not detect active Windsurf session
[2026-05-11 13:55:18.655] [WARN] [windsurf_account_manager_lib::commands::windsurf_info] Could not detect active Windsurf session
[2026-05-11 13:55:19.358] [WARN] [windsurf_account_manager_lib::commands::windsurf_info] Could not detect active Windsurf session
[2026-05-11 13:55:23.634] [WARN] [windsurf_account_manager_lib::commands::windsurf_info] Could not detect active Windsurf session
[2026-05-11 13:55:28.637] [WARN] [windsurf_account_manager_lib::commands::windsurf_info] Could not detect active Windsurf session
[2026-05-11 13:55:29.526] [INFO] [windsurf_account_manager_lib::services::windsurf_service] [GetPlanStatus] Status code: 200, token_prefix=devin-session-token$eyJhb..., response_size=1787 bytes
[2026-05-11 13:55:29.616] [WARN] [windsurf_account_manager_lib::commands::windsurf_info] Could not detect active Windsurf session
[2026-05-11 13:55:33.683] [WARN] [windsurf_account_manager_lib::commands::windsurf_info] Could not detect active Windsurf session
[2026-05-11 13:55:38.674] [WARN] [windsurf_account_manager_lib::commands::windsurf_info] Could not detect active Windsurf session
[2026-05-11 13:55:39.349] [WARN] [windsurf_account_manager_lib::commands::windsurf_info] Could not detect active Windsurf session
[2026-05-11 13:55:44.050] [WARN] [windsurf_account_manager_lib::commands::windsurf_info] Could not detect active Windsurf session
[2026-05-11 13:55:48.729] [WARN] [windsurf_account_manager_lib::commands::windsurf_info] Could not detect active Windsurf session
[2026-05-11 13:55:49.348] [WARN] [windsurf_account_manager_lib::commands::windsurf_info] Could not detect active Windsurf session
[2026-05-11 13:56:02.504] [WARN] [windsurf_account_manager_lib::commands::windsurf_info] Could not detect active Windsurf session
[2026-05-11 13:56:03.139] [INFO] [windsurf_account_manager_lib::services::windsurf_service] [GetPlanStatus] Status code: 200, token_prefix=devin-session-token$eyJhb..., response_size=1787 bytes
[2026-05-11 13:56:03.225] [WARN] [windsurf_account_manager_lib::commands::windsurf_info] Could not detect active Windsurf session
[2026-05-11 13:56:17.851] [WARN] [windsurf_account_manager_lib::commands::windsurf_info] Could not detect active Windsurf session
[2026-05-11 13:56:17.856] [WARN] [windsurf_account_manager_lib::commands::windsurf_info] Could not detect active Windsurf session
[2026-05-11 13:56:30.850] [WARN] [windsurf_account_manager_lib::commands::windsurf_info] Could not detect active Windsurf session
[2026-05-11 13:56:30.850] [WARN] [windsurf_account_manager_lib::commands::windsurf_info] Could not detect active Windsurf session
[2026-05-11 13:56:46.902] [WARN] [windsurf_account_manager_lib::commands::windsurf_info] Could not detect active Windsurf session
[2026-05-11 13:56:47.363] [INFO] [windsurf_account_manager_lib::services::windsurf_service] [GetPlanStatus] Status code: 200, token_prefix=devin-session-token$eyJhb..., response_size=1787 bytes
[2026-05-11 13:56:47.451] [WARN] [windsurf_account_manager_lib::commands::windsurf_info] Could not detect active Windsurf session
[2026-05-11 13:56:59.869] [WARN] [windsurf_account_manager_lib::commands::windsurf_info] Could not detect active Windsurf session
[2026-05-11 13:56:59.870] [WARN] [windsurf_account_manager_lib::commands::windsurf_info] Could not detect active Windsurf session
[2026-05-11 13:57:12.876] [WARN] [windsurf_account_manager_lib::commands::windsurf_info] Could not detect active Windsurf session
[2026-05-11 13:57:12.877] [WARN] [windsurf_account_manager_lib::commands::windsurf_info] Could not detect active Windsurf session
[2026-05-11 13:57:23.502] [WARN] [windsurf_account_manager_lib::commands::windsurf_info] Could not detect active Windsurf session
[2026-05-11 13:57:26.064] [INFO] [windsurf_account_manager_lib::services::windsurf_service] [GetPlanStatus] Status code: 200, token_prefix=devin-session-token$eyJhb..., response_size=1787 bytes
[2026-05-11 13:57:26.209] [WARN] [windsurf_account_manager_lib::commands::windsurf_info] Could not detect active Windsurf session
[2026-05-11 13:57:28.342] [WARN] [windsurf_account_manager_lib::commands::windsurf_info] Could not detect active Windsurf session
[2026-05-11 13:57:33.325] [WARN] [windsurf_account_manager_lib::commands::windsurf_info] Could not detect active Windsurf session
[2026-05-11 13:57:34.676] [WARN] [windsurf_account_manager_lib::commands::windsurf_info] Could not detect active Windsurf session
[2026-05-11 13:57:45.291] [WARN] [windsurf_account_manager_lib::commands::windsurf_info] Could not detect active Windsurf session
[2026-05-11 13:57:45.291] [WARN] [windsurf_account_manager_lib::commands::windsurf_info] Could not detect active Windsurf session
[2026-05-11 13:57:50.832] [WARN] [windsurf_account_manager_lib::commands::windsurf_info] Could not detect active Windsurf session
[2026-05-11 13:58:03.335] [WARN] [windsurf_account_manager_lib::commands::windsurf_info] Could not detect active Windsurf session
[2026-05-11 13:58:04.153] [INFO] [windsurf_account_manager_lib::services::windsurf_service] [GetPlanStatus] Status code: 200, token_prefix=devin-session-token$eyJhb..., response_size=1787 bytes
[2026-05-11 13:58:04.243] [WARN] [windsurf_account_manager_lib::commands::windsurf_info] Could not detect active Windsurf session
[2026-05-11 13:58:16.265] [WARN] [windsurf_account_manager_lib::commands::windsurf_info] Could not detect active Windsurf session
[2026-05-11 13:58:16.266] [WARN] [windsurf_account_manager_lib::commands::windsurf_info] Could not detect active Windsurf session
[2026-05-11 13:58:21.839] [WARN] [windsurf_account_manager_lib::commands::windsurf_info] Could not detect active Windsurf session
[2026-05-11 13:58:26.920] [WARN] [windsurf_account_manager_lib::commands::windsurf_info] Could not detect active Windsurf session
[2026-05-11 13:58:28.725] [WARN] [windsurf_account_manager_lib::commands::windsurf_info] Could not detect active Windsurf session
[2026-05-11 13:58:34.122] [WARN] [windsurf_account_manager_lib::commands::windsurf_info] Could not detect active Windsurf session
[2026-05-11 13:58:39.867] [WARN] [windsurf_account_manager_lib::commands::windsurf_info] Could not detect active Windsurf session
[2026-05-11 13:58:40.213] [INFO] [windsurf_account_manager_lib::services::windsurf_service] [GetPlanStatus] Status code: 200, token_prefix=devin-session-token$eyJhb..., response_size=1787 bytes
[2026-05-11 13:58:40.282] [WARN] [windsurf_account_manager_lib::commands::windsurf_info] Could not detect active Windsurf session
[2026-05-11 13:58:44.880] [WARN] [windsurf_account_manager_lib::commands::windsurf_info] Could not detect active Windsurf session
[2026-05-11 13:58:47.796] [INFO] [windsurf_account_manager_lib::commands::profile_commands] Switching profile '2' to account windsu.rf2.0260.212+2mlk1@gmail.com
[2026-05-11 13:58:47.796] [INFO] [windsurf_account_manager_lib::commands::switch_account_commands] Using devin-auth flow (auth1_ token detected)...
[2026-05-11 13:58:47.796] [INFO] [windsurf_account_manager_lib::services::auth_service] [refresh_ott] Refreshing OTT with auth1_token...
[2026-05-11 13:58:48.621] [WARN] [windsurf_account_manager_lib::commands::windsurf_info] Could not detect active Windsurf session
[2026-05-11 13:58:49.312] [INFO] [windsurf_account_manager_lib::services::auth_service] [GetOneTimeAuthToken refresh] Trying GetOneTimeAuthToken variant=web_backend_session_x_auth body_prefix=devin-session-token$...
[2026-05-11 13:58:50.845] [INFO] [windsurf_account_manager_lib::services::auth_service] [GetOneTimeAuthToken refresh] variant=web_backend_session_x_auth succeeded
[2026-05-11 13:58:50.846] [INFO] [windsurf_account_manager_lib::services::auth_service] [refresh_ott] OK: OTT=ott$BiPbBQsA6sW1Oe5h...
[2026-05-11 13:58:52.182] [INFO] [windsurf_account_manager_lib::commands::switch_account_commands] RegisterUser SUCCESS (via devin-auth): apiKey=devin-session-token$..., name=Ava Nelson, server=https://server.self-serve.windsurf.com
[2026-05-11 13:58:52.182] [INFO] [windsurf_account_manager_lib::services::auth_service] [GetOneTimeAuthToken] Trying GetOneTimeAuthToken variant=web_backend_session_x_auth body_prefix=devin-session-token$...
[2026-05-11 13:58:53.510] [INFO] [windsurf_account_manager_lib::services::auth_service] [GetOneTimeAuthToken] variant=web_backend_session_x_auth succeeded
[2026-05-11 13:58:53.510] [INFO] [windsurf_account_manager_lib::services::auth_service] [get_fresh_ott] New OTT=ott$-Dgx1fawvixO961G...
[2026-05-11 13:58:53.512] [INFO] [windsurf_account_manager_lib::commands::switch_account_commands] Reset machine IDs for profile '2' (storage.json only, HKLM unchanged)
[2026-05-11 13:58:53.512] [WARN] [windsurf_account_manager_lib::commands::windsurf_info] Could not detect active Windsurf session
[2026-05-11 13:58:53.564] [INFO] [windsurf_account_manager_lib::commands::switch_account_commands] [Profile][macOS] Found Windsurf executable: /Applications/Windsurf.app/Contents/MacOS/Windsurf
[2026-05-11 13:58:53.564] [INFO] [windsurf_account_manager_lib::commands::profile_commands] [Profile][macOS] Preparing profile callback login: profile_id=467168d1-926e-45ed-a31e-3920112736ad, was_running=false, already_authenticated=false, user_data_dir=/Users/duoo/Library/Application Support/WindsurfProfiles/467168d1-926e-45ed-a31e-3920112736ad, arch=x86_64
[2026-05-11 13:58:53.564] [INFO] [windsurf_account_manager_lib::commands::profile_commands] [Profile][macOS] Profile not running, launching window before callback: profile_id=467168d1-926e-45ed-a31e-3920112736ad, target_email=windsu.rf2.0260.212+2mlk1@gmail.com
[2026-05-11 13:58:53.564] [INFO] [windsurf_account_manager_lib::commands::profile_commands] [Profile][macOS] Launching Windsurf: profile_id=467168d1-926e-45ed-a31e-3920112736ad, name=2, exe=/Applications/Windsurf.app/Contents/MacOS/Windsurf, user_data_dir=/Users/duoo/Library/Application Support/WindsurfProfiles/467168d1-926e-45ed-a31e-3920112736ad, arch=x86_64
[2026-05-11 13:58:53.565] [INFO] [windsurf_account_manager_lib::commands::profile_commands] [Profile][macOS] Windsurf spawn requested: profile_id=467168d1-926e-45ed-a31e-3920112736ad, pid=20094
[2026-05-11 13:58:53.565] [INFO] [windsurf_account_manager_lib::commands::profile_commands] [Profile][macOS] Waiting 1500ms for profile window before callback: profile_id=467168d1-926e-45ed-a31e-3920112736ad, user_data_dir=/Users/duoo/Library/Application Support/WindsurfProfiles/467168d1-926e-45ed-a31e-3920112736ad
[2026-05-11 13:58:55.066] [INFO] [windsurf_account_manager_lib::commands::switch_account_commands] Triggering Windsurf callback (target=/Users/duoo/Library/Application Support/WindsurfProfiles/467168d1-926e-45ed-a31e-3920112736ad): windsurf://codeium.windsurf#access_token=<hidden>&state=ec895a7b-bee1-490f-9867-357227e63e59&token_type=Bearer
[2026-05-11 13:58:55.066] [INFO] [windsurf_account_manager_lib::commands::switch_account_commands] [Profile][macOS] Found Windsurf executable: /Applications/Windsurf.app/Contents/MacOS/Windsurf
[2026-05-11 13:58:55.066] [INFO] [windsurf_account_manager_lib::commands::switch_account_commands] [Profile][macOS] Dispatching callback via Windsurf app binary: target=/Users/duoo/Library/Application Support/WindsurfProfiles/467168d1-926e-45ed-a31e-3920112736ad, exe=/Applications/Windsurf.app/Contents/MacOS/Windsurf, arch=x86_64
[2026-05-11 13:58:57.003] [INFO] [windsurf_account_manager_lib::commands::switch_account_commands] [Profile][macOS] Successfully triggered Windsurf callback via CLI
[2026-05-11 13:58:57.003] [INFO] [windsurf_account_manager_lib::commands::switch_account_commands] Successfully triggered Windsurf callback
[2026-05-11 13:58:57.005] [WARN] [windsurf_account_manager_lib::commands::windsurf_info] Could not detect active Windsurf session
[2026-05-11 13:58:57.507] [WARN] [windsurf_account_manager_lib::commands::windsurf_info] Could not detect active Windsurf session
[2026-05-11 13:58:58.010] [WARN] [windsurf_account_manager_lib::commands::windsurf_info] Could not detect active Windsurf session
[2026-05-11 13:58:58.513] [WARN] [windsurf_account_manager_lib::commands::windsurf_info] Could not detect active Windsurf session
[2026-05-11 13:58:58.623] [WARN] [windsurf_account_manager_lib::commands::windsurf_info] Could not detect active Windsurf session
[2026-05-11 13:58:59.016] [WARN] [windsurf_account_manager_lib::commands::windsurf_info] Could not detect active Windsurf session
[2026-05-11 13:58:59.518] [WARN] [windsurf_account_manager_lib::commands::windsurf_info] Could not detect active Windsurf session
[2026-05-11 13:59:00.021] [WARN] [windsurf_account_manager_lib::commands::windsurf_info] Could not detect active Windsurf session
[2026-05-11 13:59:00.523] [WARN] [windsurf_account_manager_lib::commands::windsurf_info] Could not detect active Windsurf session
[2026-05-11 13:59:01.026] [WARN] [windsurf_account_manager_lib::commands::windsurf_info] Could not detect active Windsurf session
[2026-05-11 13:59:01.532] [WARN] [windsurf_account_manager_lib::commands::windsurf_info] Could not detect active Windsurf session
[2026-05-11 13:59:02.036] [WARN] [windsurf_account_manager_lib::commands::windsurf_info] Could not detect active Windsurf session
[2026-05-11 13:59:02.540] [WARN] [windsurf_account_manager_lib::commands::windsurf_info] Could not detect active Windsurf session
[2026-05-11 13:59:03.043] [WARN] [windsurf_account_manager_lib::commands::profile_commands] [Profile][macOS] Profile callback not reflected yet, leaving editor to finish asynchronously: profile_id=467168d1-926e-45ed-a31e-3920112736ad, target_email=windsu.rf2.0260.212+2mlk1@gmail.com, user_data_dir=/Users/duoo/Library/Application Support/WindsurfProfiles/467168d1-926e-45ed-a31e-3920112736ad, dispatch_callback=true
[2026-05-11 13:59:03.044] [WARN] [windsurf_account_manager_lib::commands::windsurf_info] Could not detect active Windsurf session
[2026-05-11 13:59:03.548] [WARN] [windsurf_account_manager_lib::commands::windsurf_info] Could not detect active Windsurf session
[2026-05-11 13:59:04.051] [WARN] [windsurf_account_manager_lib::commands::windsurf_info] Could not detect active Windsurf session
[2026-05-11 13:59:04.553] [WARN] [windsurf_account_manager_lib::commands::windsurf_info] Could not detect active Windsurf session
[2026-05-11 13:59:05.056] [WARN] [windsurf_account_manager_lib::commands::windsurf_info] Could not detect active Windsurf session
[2026-05-11 13:59:05.559] [WARN] [windsurf_account_manager_lib::commands::windsurf_info] Could not detect active Windsurf session
[2026-05-11 13:59:06.061] [WARN] [windsurf_account_manager_lib::commands::windsurf_info] Could not detect active Windsurf session
[2026-05-11 13:59:06.592] [WARN] [windsurf_account_manager_lib::commands::windsurf_info] Could not detect active Windsurf session
[2026-05-11 13:59:07.111] [WARN] [windsurf_account_manager_lib::commands::windsurf_info] Could not detect active Windsurf session
[2026-05-11 13:59:07.699] [WARN] [windsurf_account_manager_lib::commands::windsurf_info] Could not detect active Windsurf session
[2026-05-11 13:59:08.252] [WARN] [windsurf_account_manager_lib::commands::windsurf_info] Could not detect active Windsurf session
[2026-05-11 13:59:08.760] [WARN] [windsurf_account_manager_lib::commands::windsurf_info] Could not detect active Windsurf session
[2026-05-11 13:59:08.975] [INFO] [windsurf_account_manager_lib::services::windsurf_service] [GetPlanStatus] Status code: 200, token_prefix=devin-session-token$eyJhb..., response_size=1787 bytes
[2026-05-11 13:59:09.197] [WARN] [windsurf_account_manager_lib::commands::windsurf_info] Could not detect active Windsurf session
[2026-05-11 13:59:09.262] [WARN] [windsurf_account_manager_lib::commands::profile_commands] [Profile] 切号后未在短时间内读到目标账号，等待编辑器异步生效: profile_id=467168d1-926e-45ed-a31e-3920112736ad, target_email=windsu.rf2.0260.212+2mlk1@gmail.com, user_data_dir=/Users/duoo/Library/Application Support/WindsurfProfiles/467168d1-926e-45ed-a31e-3920112736ad, os=macos, arch=x86_64
[2026-05-11 13:59:09.524] [WARN] [windsurf_account_manager_lib::commands::windsurf_info] Could not detect active Windsurf session
[2026-05-11 13:59:11.565] [WARN] [windsurf_account_manager_lib::commands::windsurf_info] Could not detect active Windsurf session
[2026-05-11 13:59:16.070] [WARN] [windsurf_account_manager_lib::commands::windsurf_info] Could not detect active Windsurf session
[2026-05-11 13:59:18.649] [WARN] [windsurf_account_manager_lib::commands::windsurf_info] Could not detect active Windsurf session
[2026-05-11 13:59:21.000] [WARN] [windsurf_account_manager_lib::commands::windsurf_info] Could not detect active Windsurf session
[2026-05-11 13:59:25.991] [WARN] [windsurf_account_manager_lib::commands::windsurf_info] Could not detect active Windsurf session
[2026-05-11 13:59:28.647] [WARN] [windsurf_account_manager_lib::commands::windsurf_info] Could not detect active Windsurf session
[2026-05-11 13:59:31.000] [WARN] [windsurf_account_manager_lib::commands::windsurf_info] Could not detect active Windsurf session
[2026-05-11 13:59:35.990] [WARN] [windsurf_account_manager_lib::commands::windsurf_info] Could not detect active Windsurf session
[2026-05-11 13:59:39.186] [INFO] [windsurf_account_manager_lib::services::windsurf_service] [GetPlanStatus] Status code: 200, token_prefix=devin-session-token$eyJhb..., response_size=1787 bytes
[2026-05-11 13:59:39.276] [WARN] [windsurf_account_manager_lib::commands::windsurf_info] Could not detect active Windsurf session
[2026-05-11 13:59:40.995] [WARN] [windsurf_account_manager_lib::commands::windsurf_info] Could not detect active Windsurf session
[2026-05-11 13:59:45.996] [WARN] [windsurf_account_manager_lib::commands::windsurf_info] Could not detect active Windsurf session
[2026-05-11 13:59:48.649] [WARN] [windsurf_account_manager_lib::commands::windsurf_info] Could not detect active Windsurf session
[2026-05-11 13:59:50.994] [WARN] [windsurf_account_manager_lib::commands::windsurf_info] Could not detect active Windsurf session
[2026-05-11 13:59:55.999] [WARN] [windsurf_account_manager_lib::commands::windsurf_info] Could not detect active Windsurf session
[2026-05-11 13:59:58.649] [WARN] [windsurf_account_manager_lib::commands::windsurf_info] Could not detect active Windsurf session
[2026-05-11 14:00:00.999] [WARN] [windsurf_account_manager_lib::commands::windsurf_info] Could not detect active Windsurf session
[2026-05-11 14:00:05.997] [WARN] [windsurf_account_manager_lib::commands::windsurf_info] Could not detect active Windsurf session
[2026-05-11 14:00:09.014] [INFO] [windsurf_account_manager_lib::services::windsurf_service] [GetPlanStatus] Status code: 200, token_prefix=devin-session-token$eyJhb..., response_size=1787 bytes
[2026-05-11 14:00:09.100] [WARN] [windsurf_account_manager_lib::commands::windsurf_info] Could not detect active Windsurf session
[2026-05-11 14:00:11.013] [WARN] [windsurf_account_manager_lib::commands::windsurf_info] Could not detect active Windsurf session
[2026-05-11 14:00:16.048] [WARN] [windsurf_account_manager_lib::commands::windsurf_info] Could not detect active Windsurf session
[2026-05-11 14:00:18.671] [WARN] [windsurf_account_manager_lib::commands::windsurf_info] Could not detect active Windsurf session
[2026-05-11 14:00:21.148] [WARN] [windsurf_account_manager_lib::commands::windsurf_info] Could not detect active Windsurf session
[2026-05-11 14:00:26.028] [WARN] [windsurf_account_manager_lib::commands::windsurf_info] Could not detect active Windsurf session
[2026-05-11 14:00:28.649] [WARN] [windsurf_account_manager_lib::commands::windsurf_info] Could not detect active Windsurf session
[2026-05-11 14:00:31.007] [WARN] [windsurf_account_manager_lib::commands::windsurf_info] Could not detect active Windsurf session
[2026-05-11 14:00:36.001] [WARN] [windsurf_account_manager_lib::commands::windsurf_info] Could not detect active Windsurf session
[2026-05-11 14:00:38.947] [INFO] [windsurf_account_manager_lib::services::windsurf_service] [GetPlanStatus] Status code: 200, token_prefix=devin-session-token$eyJhb..., response_size=1787 bytes
[2026-05-11 14:00:39.034] [WARN] [windsurf_account_manager_lib::commands::windsurf_info] Could not detect active Windsurf session
[2026-05-11 14:00:41.278] [WARN] [windsurf_account_manager_lib::commands::windsurf_info] Could not detect active Windsurf session
