[2026-05-09 18:01:54.217] [INFO] [windsurf_account_manager_lib::commands::windsurf_info] Windsurf info: name=Some("Mason White"), email=Some("w.i.ndsurf20260212+0yjku@gmail.com"), plan=Some("Pro"), version=Some("2.2.17")
[2026-05-09 18:01:54.220] [INFO] [windsurf_account_manager_lib::commands::windsurf_info] Windsurf info: name=Some("Mason White"), email=Some("w.i.ndsurf20260212+0yjku@gmail.com"), plan=Some("Pro"), version=Some("2.2.17")
[2026-05-09 18:01:54.373] [INFO] [windsurf_account_manager_lib::services::auth_service] [refresh_session_with_auth1] Refreshing session via WindsurfPostAuth...
[2026-05-09 18:01:54.374] [INFO] [windsurf_account_manager_lib::services::auth_service] [refresh_session_with_auth1] Refreshing session via WindsurfPostAuth...
[2026-05-09 18:01:54.374] [INFO] [windsurf_account_manager_lib::services::auth_service] [refresh_session_with_auth1] Refreshing session via WindsurfPostAuth...
[2026-05-09 18:01:54.374] [INFO] [windsurf_account_manager_lib::services::auth_service] [refresh_session_with_auth1] Refreshing session via WindsurfPostAuth...
[2026-05-09 18:01:54.374] [INFO] [windsurf_account_manager_lib::services::auth_service] [refresh_session_with_auth1] Refreshing session via WindsurfPostAuth...
[2026-05-09 18:01:55.854] [INFO] [windsurf_account_manager_lib::commands::windsurf_info] Windsurf info: name=Some("Mason White"), email=Some("w.i.ndsurf20260212+0yjku@gmail.com"), plan=Some("Pro"), version=Some("2.2.17")
[2026-05-09 18:01:55.854] [WARN] [windsurf_account_manager_lib::commands::windsurf_info] Could not detect active Windsurf session
[2026-05-09 18:01:56.196] [INFO] [windsurf_account_manager_lib::services::windsurf_service] [GetPlanStatus] Status code: 200, token_prefix=devin-session-token$eyJhb..., response_size=1792 bytes
[2026-05-09 18:01:56.231] [INFO] [windsurf_account_manager_lib::services::windsurf_service] [GetPlanStatus] Status code: 200, token_prefix=devin-session-token$eyJhb..., response_size=1792 bytes
[2026-05-09 18:01:56.375] [INFO] [windsurf_account_manager_lib::services::windsurf_service] [GetPlanStatus] Status code: 200, token_prefix=devin-session-token$eyJhb..., response_size=1792 bytes
[2026-05-09 18:01:56.899] [INFO] [windsurf_account_manager_lib::services::windsurf_service] [GetPlanStatus] Status code: 200, token_prefix=devin-session-token$eyJhb..., response_size=1792 bytes
[2026-05-09 18:01:56.901] [INFO] [windsurf_account_manager_lib::services::windsurf_service] [GetPlanStatus] Status code: 200, token_prefix=devin-session-token$eyJhb..., response_size=1792 bytes
[2026-05-09 18:02:01.077] [INFO] [windsurf_account_manager_lib::commands::windsurf_info] Windsurf info: name=Some("Mason White"), email=Some("w.i.ndsurf20260212+0yjku@gmail.com"), plan=Some("Pro"), version=Some("2.2.17")
[2026-05-09 18:02:04.372] [INFO] [windsurf_account_manager_lib::commands::windsurf_info] Windsurf info: name=Some("Mason White"), email=Some("w.i.ndsurf20260212+0yjku@gmail.com"), plan=Some("Pro"), version=Some("2.2.17")
[2026-05-09 18:02:04.682] [INFO] [windsurf_account_manager_lib::services::windsurf_service] [GetPlanStatus] Status code: 200, token_prefix=devin-session-token$eyJhb..., response_size=1792 bytes
[2026-05-09 18:02:04.758] [INFO] [windsurf_account_manager_lib::commands::windsurf_info] Windsurf info: name=Some("Mason White"), email=Some("w.i.ndsurf20260212+0yjku@gmail.com"), plan=Some("Pro"), version=Some("2.2.17")
[2026-05-09 18:02:06.064] [INFO] [windsurf_account_manager_lib::commands::windsurf_info] Windsurf info: name=Some("Mason White"), email=Some("w.i.ndsurf20260212+0yjku@gmail.com"), plan=Some("Pro"), version=Some("2.2.17")
[2026-05-09 18:02:08.362] [INFO] [windsurf_account_manager_lib::commands::profile_commands] [Profile] Creating profile: id=d37e8d51-73ca-4787-862a-ad78249fdbba, name=1, user_data_dir=/Users/duoo/Library/Application Support/WindsurfProfiles/d37e8d51-73ca-4787-862a-ad78249fdbba, os=macos, arch=x86_64
[2026-05-09 18:02:08.363] [INFO] [windsurf_account_manager_lib::commands::profile_commands] [Profile] 已从主实例复制配置到新分身: copied=["settings.json", "snippets/"], main_user=/Users/duoo/Library/Application Support/Windsurf/User, target_user=/Users/duoo/Library/Application Support/WindsurfProfiles/d37e8d51-73ca-4787-862a-ad78249fdbba/User
[2026-05-09 18:02:11.076] [INFO] [windsurf_account_manager_lib::commands::windsurf_info] Windsurf info: name=Some("Mason White"), email=Some("w.i.ndsurf20260212+0yjku@gmail.com"), plan=Some("Pro"), version=Some("2.2.17")
[2026-05-09 18:02:14.422] [INFO] [windsurf_account_manager_lib::commands::windsurf_info] Windsurf info: name=Some("Mason White"), email=Some("w.i.ndsurf20260212+0yjku@gmail.com"), plan=Some("Pro"), version=Some("2.2.17")
[2026-05-09 18:02:14.517] [INFO] [windsurf_account_manager_lib::commands::profile_commands] Switching profile '1' to account windsu.rf2.0260.212+2mlk1@gmail.com
[2026-05-09 18:02:14.517] [INFO] [windsurf_account_manager_lib::commands::switch_account_commands] Using devin-auth flow (auth1_ token detected)...
[2026-05-09 18:02:14.517] [INFO] [windsurf_account_manager_lib::services::auth_service] [refresh_ott] Refreshing OTT with auth1_token...
[2026-05-09 18:02:15.333] [INFO] [windsurf_account_manager_lib::services::auth_service] [GetOneTimeAuthToken refresh] Trying GetOneTimeAuthToken variant=web_backend_session_x_auth body_prefix=devin-session-token$...
[2026-05-09 18:02:15.946] [INFO] [windsurf_account_manager_lib::services::auth_service] [GetOneTimeAuthToken refresh] variant=web_backend_session_x_auth succeeded
[2026-05-09 18:02:15.946] [INFO] [windsurf_account_manager_lib::services::auth_service] [refresh_ott] OK: OTT=ott$Cvl8KG6kdr_FYC6w...
[2026-05-09 18:02:16.357] [INFO] [windsurf_account_manager_lib::commands::switch_account_commands] RegisterUser SUCCESS (via devin-auth): apiKey=devin-session-token$..., name=Ava Nelson, server=https://server.self-serve.windsurf.com
[2026-05-09 18:02:16.357] [INFO] [windsurf_account_manager_lib::services::auth_service] [GetOneTimeAuthToken] Trying GetOneTimeAuthToken variant=web_backend_session_x_auth body_prefix=devin-session-token$...
[2026-05-09 18:02:16.971] [INFO] [windsurf_account_manager_lib::services::auth_service] [GetOneTimeAuthToken] variant=web_backend_session_x_auth succeeded
[2026-05-09 18:02:16.971] [INFO] [windsurf_account_manager_lib::services::auth_service] [get_fresh_ott] New OTT=ott$e_wTrbkZRDRKv7Bh...
[2026-05-09 18:02:16.971] [WARN] [windsurf_account_manager_lib::commands::switch_account_commands] storage.json not found for profile '1' at "/Users/duoo/Library/Application Support/WindsurfProfiles/d37e8d51-73ca-4787-862a-ad78249fdbba/User/globalStorage/storage.json"; skip (profile may not have been launched yet)
[2026-05-09 18:02:17.022] [INFO] [windsurf_account_manager_lib::commands::switch_account_commands] [Profile][macOS] Found Windsurf executable: /Applications/Windsurf.app/Contents/MacOS/Windsurf
[2026-05-09 18:02:17.022] [INFO] [windsurf_account_manager_lib::commands::profile_commands] [Profile][macOS] Preparing profile callback login: profile_id=d37e8d51-73ca-4787-862a-ad78249fdbba, was_running=false, already_authenticated=false, user_data_dir=/Users/duoo/Library/Application Support/WindsurfProfiles/d37e8d51-73ca-4787-862a-ad78249fdbba, arch=x86_64
[2026-05-09 18:02:17.022] [INFO] [windsurf_account_manager_lib::commands::profile_commands] [Profile][macOS] Profile not running, launching window before callback: profile_id=d37e8d51-73ca-4787-862a-ad78249fdbba, target_email=windsu.rf2.0260.212+2mlk1@gmail.com
[2026-05-09 18:02:17.022] [INFO] [windsurf_account_manager_lib::commands::profile_commands] [Profile][macOS] Launching Windsurf: profile_id=d37e8d51-73ca-4787-862a-ad78249fdbba, name=1, exe=/Applications/Windsurf.app/Contents/MacOS/Windsurf, user_data_dir=/Users/duoo/Library/Application Support/WindsurfProfiles/d37e8d51-73ca-4787-862a-ad78249fdbba, arch=x86_64
[2026-05-09 18:02:17.022] [INFO] [windsurf_account_manager_lib::commands::profile_commands] [Profile][macOS] Windsurf spawn requested: profile_id=d37e8d51-73ca-4787-862a-ad78249fdbba, pid=9545
[2026-05-09 18:02:17.022] [INFO] [windsurf_account_manager_lib::commands::profile_commands] [Profile][macOS] Waiting 1500ms for profile window before callback: profile_id=d37e8d51-73ca-4787-862a-ad78249fdbba, user_data_dir=/Users/duoo/Library/Application Support/WindsurfProfiles/d37e8d51-73ca-4787-862a-ad78249fdbba
[2026-05-09 18:02:18.523] [INFO] [windsurf_account_manager_lib::commands::switch_account_commands] Triggering Windsurf callback (target=/Users/duoo/Library/Application Support/WindsurfProfiles/d37e8d51-73ca-4787-862a-ad78249fdbba): windsurf://codeium.windsurf#access_token=<hidden>&state=f81ffa06-05ef-4a52-a490-eb08eb7656ba&token_type=Bearer
[2026-05-09 18:02:18.523] [INFO] [windsurf_account_manager_lib::commands::switch_account_commands] [Profile][macOS] Found Windsurf executable: /Applications/Windsurf.app/Contents/MacOS/Windsurf
[2026-05-09 18:02:18.523] [INFO] [windsurf_account_manager_lib::commands::switch_account_commands] [Profile][macOS] Dispatching callback via Windsurf app binary: target=/Users/duoo/Library/Application Support/WindsurfProfiles/d37e8d51-73ca-4787-862a-ad78249fdbba, exe=/Applications/Windsurf.app/Contents/MacOS/Windsurf, arch=x86_64
[2026-05-09 18:02:20.488] [INFO] [windsurf_account_manager_lib::commands::switch_account_commands] [Profile][macOS] Successfully triggered Windsurf callback via CLI
[2026-05-09 18:02:20.490] [INFO] [windsurf_account_manager_lib::commands::switch_account_commands] Successfully triggered Windsurf callback
[2026-05-09 18:02:20.491] [WARN] [windsurf_account_manager_lib::commands::windsurf_info] Could not detect active Windsurf session
[2026-05-09 18:02:20.992] [WARN] [windsurf_account_manager_lib::commands::windsurf_info] Could not detect active Windsurf session
[2026-05-09 18:02:21.494] [WARN] [windsurf_account_manager_lib::commands::windsurf_info] Could not detect active Windsurf session
[2026-05-09 18:02:21.997] [WARN] [windsurf_account_manager_lib::commands::windsurf_info] Could not detect active Windsurf session
[2026-05-09 18:02:22.508] [WARN] [windsurf_account_manager_lib::commands::windsurf_info] Could not detect active Windsurf session
[2026-05-09 18:02:23.016] [WARN] [windsurf_account_manager_lib::commands::windsurf_info] Could not detect active Windsurf session
[2026-05-09 18:02:23.518] [WARN] [windsurf_account_manager_lib::commands::windsurf_info] Could not detect active Windsurf session
[2026-05-09 18:02:24.021] [WARN] [windsurf_account_manager_lib::commands::windsurf_info] Could not detect active Windsurf session
[2026-05-09 18:02:24.472] [INFO] [windsurf_account_manager_lib::commands::windsurf_info] Windsurf info: name=Some("Mason White"), email=Some("w.i.ndsurf20260212+0yjku@gmail.com"), plan=Some("Pro"), version=Some("2.2.17")
[2026-05-09 18:02:24.473] [WARN] [windsurf_account_manager_lib::commands::windsurf_info] Could not detect active Windsurf session
[2026-05-09 18:02:24.489] [WARN] [windsurf_account_manager_lib::commands::windsurf_info] Could not detect active Windsurf session
[2026-05-09 18:02:24.491] [INFO] [windsurf_account_manager_lib::commands::windsurf_info] Windsurf info: name=Some("Mason White"), email=Some("w.i.ndsurf20260212+0yjku@gmail.com"), plan=Some("Pro"), version=Some("2.2.17")
[2026-05-09 18:02:24.491] [INFO] [windsurf_account_manager_lib::commands::profile_commands] Switching profile '1' to account wi.ndsurf2026.0212+d7dpk@gmail.com
[2026-05-09 18:02:24.491] [INFO] [windsurf_account_manager_lib::commands::switch_account_commands] Using devin-auth flow (auth1_ token detected)...
[2026-05-09 18:02:24.491] [INFO] [windsurf_account_manager_lib::services::auth_service] [refresh_ott] Refreshing OTT with auth1_token...
[2026-05-09 18:02:24.523] [WARN] [windsurf_account_manager_lib::commands::windsurf_info] Could not detect active Windsurf session
[2026-05-09 18:02:25.026] [WARN] [windsurf_account_manager_lib::commands::windsurf_info] Could not detect active Windsurf session
[2026-05-09 18:02:25.173] [INFO] [windsurf_account_manager_lib::services::auth_service] [GetOneTimeAuthToken refresh] Trying GetOneTimeAuthToken variant=web_backend_session_x_auth body_prefix=devin-session-token$...
[2026-05-09 18:02:25.528] [WARN] [windsurf_account_manager_lib::commands::windsurf_info] Could not detect active Windsurf session
[2026-05-09 18:02:25.539] [INFO] [windsurf_account_manager_lib::services::auth_service] [GetOneTimeAuthToken refresh] variant=web_backend_session_x_auth succeeded
[2026-05-09 18:02:25.539] [INFO] [windsurf_account_manager_lib::services::auth_service] [refresh_ott] OK: OTT=ott$t7X_skDQG9fltfgn...
[2026-05-09 18:02:25.982] [INFO] [windsurf_account_manager_lib::commands::switch_account_commands] RegisterUser SUCCESS (via devin-auth): apiKey=devin-session-token$..., name=Logan Green, server=https://server.self-serve.windsurf.com
[2026-05-09 18:02:25.982] [INFO] [windsurf_account_manager_lib::services::auth_service] [GetOneTimeAuthToken] Trying GetOneTimeAuthToken variant=web_backend_session_x_auth body_prefix=devin-session-token$...
[2026-05-09 18:02:26.031] [WARN] [windsurf_account_manager_lib::commands::windsurf_info] Could not detect active Windsurf session
[2026-05-09 18:02:26.379] [INFO] [windsurf_account_manager_lib::services::auth_service] [GetOneTimeAuthToken] variant=web_backend_session_x_auth succeeded
[2026-05-09 18:02:26.379] [INFO] [windsurf_account_manager_lib::services::auth_service] [get_fresh_ott] New OTT=ott$17AlqBqbpZLwY3cs...
[2026-05-09 18:02:26.381] [INFO] [windsurf_account_manager_lib::commands::switch_account_commands] Reset machine IDs for profile '1' (storage.json only, HKLM unchanged)
[2026-05-09 18:02:26.383] [WARN] [windsurf_account_manager_lib::commands::windsurf_info] Could not detect active Windsurf session
[2026-05-09 18:02:26.466] [INFO] [windsurf_account_manager_lib::commands::switch_account_commands] [Profile][macOS] Found Windsurf executable: /Applications/Windsurf.app/Contents/MacOS/Windsurf
[2026-05-09 18:02:26.466] [INFO] [windsurf_account_manager_lib::commands::profile_commands] [Profile][macOS] Preparing profile callback login: profile_id=d37e8d51-73ca-4787-862a-ad78249fdbba, was_running=true, already_authenticated=false, user_data_dir=/Users/duoo/Library/Application Support/WindsurfProfiles/d37e8d51-73ca-4787-862a-ad78249fdbba, arch=x86_64
[2026-05-09 18:02:26.466] [INFO] [windsurf_account_manager_lib::commands::profile_commands] [Profile][macOS] Profile already running, dispatching callback directly: profile_id=d37e8d51-73ca-4787-862a-ad78249fdbba, target_email=wi.ndsurf2026.0212+d7dpk@gmail.com
[2026-05-09 18:02:26.466] [INFO] [windsurf_account_manager_lib::commands::switch_account_commands] Triggering Windsurf callback (target=/Users/duoo/Library/Application Support/WindsurfProfiles/d37e8d51-73ca-4787-862a-ad78249fdbba): windsurf://codeium.windsurf#access_token=<hidden>&state=4cfb4b22-50c1-4029-b1c6-902d1702241a&token_type=Bearer
[2026-05-09 18:02:26.466] [INFO] [windsurf_account_manager_lib::commands::switch_account_commands] [Profile][macOS] Found Windsurf executable: /Applications/Windsurf.app/Contents/MacOS/Windsurf
[2026-05-09 18:02:26.466] [INFO] [windsurf_account_manager_lib::commands::switch_account_commands] [Profile][macOS] Dispatching callback via Windsurf app binary: target=/Users/duoo/Library/Application Support/WindsurfProfiles/d37e8d51-73ca-4787-862a-ad78249fdbba, exe=/Applications/Windsurf.app/Contents/MacOS/Windsurf, arch=x86_64
[2026-05-09 18:02:28.837] [INFO] [windsurf_account_manager_lib::commands::switch_account_commands] [Profile][macOS] Successfully triggered Windsurf callback via CLI
[2026-05-09 18:02:28.837] [INFO] [windsurf_account_manager_lib::commands::switch_account_commands] Successfully triggered Windsurf callback
[2026-05-09 18:02:28.838] [WARN] [windsurf_account_manager_lib::commands::windsurf_info] Could not detect active Windsurf session
[2026-05-09 18:02:28.838] [WARN] [windsurf_account_manager_lib::commands::profile_commands] [Profile][macOS] First callback dispatch did not update profile auth, retrying once: profile_id=d37e8d51-73ca-4787-862a-ad78249fdbba, target_email=windsu.rf2.0260.212+2mlk1@gmail.com, user_data_dir=/Users/duoo/Library/Application Support/WindsurfProfiles/d37e8d51-73ca-4787-862a-ad78249fdbba
[2026-05-09 18:02:29.338] [WARN] [windsurf_account_manager_lib::commands::windsurf_info] Could not detect active Windsurf session
[2026-05-09 18:02:29.841] [WARN] [windsurf_account_manager_lib::commands::windsurf_info] Could not detect active Windsurf session
[2026-05-09 18:02:30.040] [INFO] [windsurf_account_manager_lib::commands::switch_account_commands] Triggering Windsurf callback (target=/Users/duoo/Library/Application Support/WindsurfProfiles/d37e8d51-73ca-4787-862a-ad78249fdbba): windsurf://codeium.windsurf#access_token=<hidden>&state=29efe9ee-0977-419e-a7f3-e4fbe94f3202&token_type=Bearer
[2026-05-09 18:02:30.040] [INFO] [windsurf_account_manager_lib::commands::switch_account_commands] [Profile][macOS] Found Windsurf executable: /Applications/Windsurf.app/Contents/MacOS/Windsurf
[2026-05-09 18:02:30.040] [INFO] [windsurf_account_manager_lib::commands::switch_account_commands] [Profile][macOS] Dispatching callback via Windsurf app binary: target=/Users/duoo/Library/Application Support/WindsurfProfiles/d37e8d51-73ca-4787-862a-ad78249fdbba, exe=/Applications/Windsurf.app/Contents/MacOS/Windsurf, arch=x86_64
[2026-05-09 18:02:31.882] [INFO] [windsurf_account_manager_lib::commands::switch_account_commands] [Profile][macOS] Successfully triggered Windsurf callback via CLI
[2026-05-09 18:02:31.882] [INFO] [windsurf_account_manager_lib::commands::switch_account_commands] Successfully triggered Windsurf callback
[2026-05-09 18:02:31.883] [WARN] [windsurf_account_manager_lib::commands::windsurf_info] Could not detect active Windsurf session
[2026-05-09 18:02:31.884] [WARN] [windsurf_account_manager_lib::commands::windsurf_info] Could not detect active Windsurf session
[2026-05-09 18:02:32.386] [WARN] [windsurf_account_manager_lib::commands::windsurf_info] Could not detect active Windsurf session
[2026-05-09 18:02:32.386] [WARN] [windsurf_account_manager_lib::commands::windsurf_info] Could not detect active Windsurf session
[2026-05-09 18:02:32.889] [WARN] [windsurf_account_manager_lib::commands::windsurf_info] Could not detect active Windsurf session
[2026-05-09 18:02:32.889] [WARN] [windsurf_account_manager_lib::commands::windsurf_info] Could not detect active Windsurf session
[2026-05-09 18:02:33.393] [WARN] [windsurf_account_manager_lib::commands::windsurf_info] Could not detect active Windsurf session
[2026-05-09 18:02:33.393] [WARN] [windsurf_account_manager_lib::commands::windsurf_info] Could not detect active Windsurf session
[2026-05-09 18:02:33.897] [WARN] [windsurf_account_manager_lib::commands::windsurf_info] Could not detect active Windsurf session
[2026-05-09 18:02:33.897] [WARN] [windsurf_account_manager_lib::commands::windsurf_info] Could not detect active Windsurf session
[2026-05-09 18:02:34.415] [WARN] [windsurf_account_manager_lib::commands::windsurf_info] Could not detect active Windsurf session
[2026-05-09 18:02:34.417] [WARN] [windsurf_account_manager_lib::commands::windsurf_info] Could not detect active Windsurf session
[2026-05-09 18:02:34.925] [WARN] [windsurf_account_manager_lib::commands::windsurf_info] Could not detect active Windsurf session
[2026-05-09 18:02:34.926] [WARN] [windsurf_account_manager_lib::commands::windsurf_info] Could not detect active Windsurf session
[2026-05-09 18:02:35.428] [WARN] [windsurf_account_manager_lib::commands::windsurf_info] Could not detect active Windsurf session
[2026-05-09 18:02:35.428] [WARN] [windsurf_account_manager_lib::commands::windsurf_info] Could not detect active Windsurf session
[2026-05-09 18:02:35.931] [WARN] [windsurf_account_manager_lib::commands::windsurf_info] Could not detect active Windsurf session
[2026-05-09 18:02:35.931] [WARN] [windsurf_account_manager_lib::commands::windsurf_info] Could not detect active Windsurf session
[2026-05-09 18:02:36.455] [WARN] [windsurf_account_manager_lib::commands::windsurf_info] Could not detect active Windsurf session
[2026-05-09 18:02:36.455] [WARN] [windsurf_account_manager_lib::commands::profile_commands] [Profile][macOS] First callback dispatch did not update profile auth, retrying once: profile_id=d37e8d51-73ca-4787-862a-ad78249fdbba, target_email=wi.ndsurf2026.0212+d7dpk@gmail.com, user_data_dir=/Users/duoo/Library/Application Support/WindsurfProfiles/d37e8d51-73ca-4787-862a-ad78249fdbba
[2026-05-09 18:02:36.966] [WARN] [windsurf_account_manager_lib::commands::windsurf_info] Could not detect active Windsurf session
[2026-05-09 18:02:37.506] [WARN] [windsurf_account_manager_lib::commands::windsurf_info] Could not detect active Windsurf session
[2026-05-09 18:02:37.659] [INFO] [windsurf_account_manager_lib::commands::switch_account_commands] Triggering Windsurf callback (target=/Users/duoo/Library/Application Support/WindsurfProfiles/d37e8d51-73ca-4787-862a-ad78249fdbba): windsurf://codeium.windsurf#access_token=<hidden>&state=cadfb4ec-2f87-407d-a530-d4cf4e32c5dc&token_type=Bearer
[2026-05-09 18:02:37.659] [INFO] [windsurf_account_manager_lib::commands::switch_account_commands] [Profile][macOS] Found Windsurf executable: /Applications/Windsurf.app/Contents/MacOS/Windsurf
[2026-05-09 18:02:37.659] [INFO] [windsurf_account_manager_lib::commands::switch_account_commands] [Profile][macOS] Dispatching callback via Windsurf app binary: target=/Users/duoo/Library/Application Support/WindsurfProfiles/d37e8d51-73ca-4787-862a-ad78249fdbba, exe=/Applications/Windsurf.app/Contents/MacOS/Windsurf, arch=x86_64
[2026-05-09 18:02:40.443] [INFO] [windsurf_account_manager_lib::commands::switch_account_commands] [Profile][macOS] Successfully triggered Windsurf callback via CLI
[2026-05-09 18:02:40.443] [INFO] [windsurf_account_manager_lib::commands::switch_account_commands] Successfully triggered Windsurf callback
[2026-05-09 18:02:40.445] [WARN] [windsurf_account_manager_lib::commands::windsurf_info] Could not detect active Windsurf session
[2026-05-09 18:02:40.447] [WARN] [windsurf_account_manager_lib::commands::windsurf_info] Could not detect active Windsurf session
[2026-05-09 18:02:40.950] [WARN] [windsurf_account_manager_lib::commands::windsurf_info] Could not detect active Windsurf session
[2026-05-09 18:02:40.952] [WARN] [windsurf_account_manager_lib::commands::windsurf_info] Could not detect active Windsurf session
[2026-05-09 18:02:41.455] [WARN] [windsurf_account_manager_lib::commands::windsurf_info] Could not detect active Windsurf session
[2026-05-09 18:02:41.456] [WARN] [windsurf_account_manager_lib::commands::windsurf_info] Could not detect active Windsurf session
[2026-05-09 18:02:41.959] [WARN] [windsurf_account_manager_lib::commands::windsurf_info] Could not detect active Windsurf session
[2026-05-09 18:02:41.960] [WARN] [windsurf_account_manager_lib::commands::windsurf_info] Could not detect active Windsurf session
[2026-05-09 18:02:42.463] [WARN] [windsurf_account_manager_lib::commands::windsurf_info] Could not detect active Windsurf session
[2026-05-09 18:02:42.464] [WARN] [windsurf_account_manager_lib::commands::windsurf_info] Could not detect active Windsurf session
[2026-05-09 18:02:42.966] [WARN] [windsurf_account_manager_lib::commands::windsurf_info] Could not detect active Windsurf session
[2026-05-09 18:02:42.966] [WARN] [windsurf_account_manager_lib::commands::windsurf_info] Could not detect active Windsurf session
[2026-05-09 18:02:43.473] [WARN] [windsurf_account_manager_lib::commands::windsurf_info] Could not detect active Windsurf session
[2026-05-09 18:02:43.474] [WARN] [windsurf_account_manager_lib::commands::windsurf_info] Could not detect active Windsurf session
[2026-05-09 18:02:43.976] [WARN] [windsurf_account_manager_lib::commands::windsurf_info] Could not detect active Windsurf session
[2026-05-09 18:02:43.977] [WARN] [windsurf_account_manager_lib::commands::windsurf_info] Could not detect active Windsurf session
[2026-05-09 18:02:44.480] [WARN] [windsurf_account_manager_lib::commands::windsurf_info] Could not detect active Windsurf session
[2026-05-09 18:02:44.481] [WARN] [windsurf_account_manager_lib::commands::windsurf_info] Could not detect active Windsurf session
[2026-05-09 18:02:44.983] [WARN] [windsurf_account_manager_lib::commands::windsurf_info] Could not detect active Windsurf session
[2026-05-09 18:02:44.984] [WARN] [windsurf_account_manager_lib::commands::windsurf_info] Could not detect active Windsurf session
[2026-05-09 18:02:45.486] [WARN] [windsurf_account_manager_lib::commands::windsurf_info] Could not detect active Windsurf session
[2026-05-09 18:02:45.487] [WARN] [windsurf_account_manager_lib::commands::windsurf_info] Could not detect active Windsurf session
[2026-05-09 18:02:45.989] [WARN] [windsurf_account_manager_lib::commands::windsurf_info] Could not detect active Windsurf session
[2026-05-09 18:02:45.991] [WARN] [windsurf_account_manager_lib::commands::windsurf_info] Could not detect active Windsurf session
[2026-05-09 18:02:46.492] [WARN] [windsurf_account_manager_lib::commands::windsurf_info] Could not detect active Windsurf session
[2026-05-09 18:02:46.497] [WARN] [windsurf_account_manager_lib::commands::profile_commands] [Profile] 切号后未在短时间内读到目标账号，等待编辑器异步生效: profile_id=d37e8d51-73ca-4787-862a-ad78249fdbba, target_email=windsu.rf2.0260.212+2mlk1@gmail.com, user_data_dir=/Users/duoo/Library/Application Support/WindsurfProfiles/d37e8d51-73ca-4787-862a-ad78249fdbba, os=macos, arch=x86_64
[2026-05-09 18:02:46.995] [WARN] [windsurf_account_manager_lib::commands::windsurf_info] Could not detect active Windsurf session
[2026-05-09 18:02:47.469] [INFO] [windsurf_account_manager_lib::commands::windsurf_info] Windsurf info: name=Some("Mason White"), email=Some("w.i.ndsurf20260212+0yjku@gmail.com"), plan=Some("Pro"), version=Some("2.2.17")
[2026-05-09 18:02:47.470] [WARN] [windsurf_account_manager_lib::commands::windsurf_info] Could not detect active Windsurf session
[2026-05-09 18:02:47.501] [WARN] [windsurf_account_manager_lib::commands::windsurf_info] Could not detect active Windsurf session
[2026-05-09 18:02:48.006] [WARN] [windsurf_account_manager_lib::commands::windsurf_info] Could not detect active Windsurf session
[2026-05-09 18:02:48.509] [WARN] [windsurf_account_manager_lib::commands::windsurf_info] Could not detect active Windsurf session
[2026-05-09 18:02:49.013] [WARN] [windsurf_account_manager_lib::commands::windsurf_info] Could not detect active Windsurf session
[2026-05-09 18:02:49.529] [WARN] [windsurf_account_manager_lib::commands::windsurf_info] Could not detect active Windsurf session
[2026-05-09 18:02:50.031] [WARN] [windsurf_account_manager_lib::commands::windsurf_info] Could not detect active Windsurf session
[2026-05-09 18:02:50.533] [WARN] [windsurf_account_manager_lib::commands::windsurf_info] Could not detect active Windsurf session
[2026-05-09 18:02:51.035] [WARN] [windsurf_account_manager_lib::commands::windsurf_info] Could not detect active Windsurf session
[2026-05-09 18:02:51.097] [INFO] [windsurf_account_manager_lib::commands::windsurf_info] Windsurf info: name=Some("Mason White"), email=Some("w.i.ndsurf20260212+0yjku@gmail.com"), plan=Some("Pro"), version=Some("2.2.17")
[2026-05-09 18:02:51.098] [WARN] [windsurf_account_manager_lib::commands::windsurf_info] Could not detect active Windsurf session
[2026-05-09 18:02:51.539] [WARN] [windsurf_account_manager_lib::commands::windsurf_info] Could not detect active Windsurf session
[2026-05-09 18:02:52.048] [WARN] [windsurf_account_manager_lib::commands::windsurf_info] Could not detect active Windsurf session
[2026-05-09 18:02:52.565] [WARN] [windsurf_account_manager_lib::commands::profile_commands] [Profile] 切号后未在短时间内读到目标账号，等待编辑器异步生效: profile_id=d37e8d51-73ca-4787-862a-ad78249fdbba, target_email=wi.ndsurf2026.0212+d7dpk@gmail.com, user_data_dir=/Users/duoo/Library/Application Support/WindsurfProfiles/d37e8d51-73ca-4787-862a-ad78249fdbba, os=macos, arch=x86_64
[2026-05-09 18:02:54.378] [INFO] [windsurf_account_manager_lib::commands::windsurf_info] Windsurf info: name=Some("Mason White"), email=Some("w.i.ndsurf20260212+0yjku@gmail.com"), plan=Some("Pro"), version=Some("2.2.17")
[2026-05-09 18:02:54.861] [INFO] [windsurf_account_manager_lib::services::windsurf_service] [GetPlanStatus] Status code: 200, token_prefix=devin-session-token$eyJhb..., response_size=1792 bytes
[2026-05-09 18:02:55.049] [INFO] [windsurf_account_manager_lib::commands::windsurf_info] Windsurf info: name=Some("Mason White"), email=Some("w.i.ndsurf20260212+0yjku@gmail.com"), plan=Some("Pro"), version=Some("2.2.17")
[2026-05-09 18:02:55.050] [WARN] [windsurf_account_manager_lib::commands::windsurf_info] Could not detect active Windsurf session
[2026-05-09 18:02:55.055] [WARN] [windsurf_account_manager_lib::commands::windsurf_info] Could not detect active Windsurf session
[2026-05-09 18:02:55.057] [INFO] [windsurf_account_manager_lib::commands::windsurf_info] Windsurf info: name=Some("Mason White"), email=Some("w.i.ndsurf20260212+0yjku@gmail.com"), plan=Some("Pro"), version=Some("2.2.17")
[2026-05-09 18:02:55.057] [INFO] [windsurf_account_manager_lib::commands::profile_commands] Switching profile '1' to account wi.ndsurf2026.0212+d7dpk@gmail.com
[2026-05-09 18:02:55.057] [INFO] [windsurf_account_manager_lib::commands::switch_account_commands] Using devin-auth flow (auth1_ token detected)...
[2026-05-09 18:02:55.057] [INFO] [windsurf_account_manager_lib::services::auth_service] [refresh_ott] Refreshing OTT with auth1_token...
[2026-05-09 18:02:55.884] [INFO] [windsurf_account_manager_lib::services::auth_service] [GetOneTimeAuthToken refresh] Trying GetOneTimeAuthToken variant=web_backend_session_x_auth body_prefix=devin-session-token$...
[2026-05-09 18:02:56.157] [INFO] [windsurf_account_manager_lib::services::auth_service] [GetOneTimeAuthToken refresh] variant=web_backend_session_x_auth succeeded
[2026-05-09 18:02:56.157] [INFO] [windsurf_account_manager_lib::services::auth_service] [refresh_ott] OK: OTT=ott$Ogya_BmkgSqGeXfo...
[2026-05-09 18:02:56.224] [INFO] [windsurf_account_manager_lib::commands::windsurf_info] Windsurf info: name=Some("Mason White"), email=Some("w.i.ndsurf20260212+0yjku@gmail.com"), plan=Some("Pro"), version=Some("2.2.17")
[2026-05-09 18:02:56.225] [WARN] [windsurf_account_manager_lib::commands::windsurf_info] Could not detect active Windsurf session
[2026-05-09 18:02:56.960] [INFO] [windsurf_account_manager_lib::commands::switch_account_commands] RegisterUser SUCCESS (via devin-auth): apiKey=devin-session-token$..., name=Logan Green, server=https://server.self-serve.windsurf.com
[2026-05-09 18:02:56.960] [INFO] [windsurf_account_manager_lib::services::auth_service] [GetOneTimeAuthToken] Trying GetOneTimeAuthToken variant=web_backend_session_x_auth body_prefix=devin-session-token$...
[2026-05-09 18:02:57.317] [INFO] [windsurf_account_manager_lib::services::auth_service] [GetOneTimeAuthToken] variant=web_backend_session_x_auth succeeded
[2026-05-09 18:02:57.317] [INFO] [windsurf_account_manager_lib::services::auth_service] [get_fresh_ott] New OTT=ott$TloFBFeDnoxX5tDe...
[2026-05-09 18:02:57.319] [INFO] [windsurf_account_manager_lib::commands::switch_account_commands] Reset machine IDs for profile '1' (storage.json only, HKLM unchanged)
[2026-05-09 18:02:57.321] [WARN] [windsurf_account_manager_lib::commands::windsurf_info] Could not detect active Windsurf session
[2026-05-09 18:02:57.425] [INFO] [windsurf_account_manager_lib::commands::switch_account_commands] [Profile][macOS] Found Windsurf executable: /Applications/Windsurf.app/Contents/MacOS/Windsurf
[2026-05-09 18:02:57.426] [INFO] [windsurf_account_manager_lib::commands::profile_commands] [Profile][macOS] Preparing profile callback login: profile_id=d37e8d51-73ca-4787-862a-ad78249fdbba, was_running=true, already_authenticated=false, user_data_dir=/Users/duoo/Library/Application Support/WindsurfProfiles/d37e8d51-73ca-4787-862a-ad78249fdbba, arch=x86_64
[2026-05-09 18:02:57.426] [INFO] [windsurf_account_manager_lib::commands::profile_commands] [Profile][macOS] Profile already running, dispatching callback directly: profile_id=d37e8d51-73ca-4787-862a-ad78249fdbba, target_email=wi.ndsurf2026.0212+d7dpk@gmail.com
[2026-05-09 18:02:57.426] [INFO] [windsurf_account_manager_lib::commands::switch_account_commands] Triggering Windsurf callback (target=/Users/duoo/Library/Application Support/WindsurfProfiles/d37e8d51-73ca-4787-862a-ad78249fdbba): windsurf://codeium.windsurf#access_token=<hidden>&state=f284c58c-a033-4559-8de3-8c1d80b98df2&token_type=Bearer
[2026-05-09 18:02:57.426] [INFO] [windsurf_account_manager_lib::commands::switch_account_commands] [Profile][macOS] Found Windsurf executable: /Applications/Windsurf.app/Contents/MacOS/Windsurf
[2026-05-09 18:02:57.426] [INFO] [windsurf_account_manager_lib::commands::switch_account_commands] [Profile][macOS] Dispatching callback via Windsurf app binary: target=/Users/duoo/Library/Application Support/WindsurfProfiles/d37e8d51-73ca-4787-862a-ad78249fdbba, exe=/Applications/Windsurf.app/Contents/MacOS/Windsurf, arch=x86_64
[2026-05-09 18:03:00.729] [INFO] [windsurf_account_manager_lib::commands::switch_account_commands] [Profile][macOS] Successfully triggered Windsurf callback via CLI
[2026-05-09 18:03:00.729] [INFO] [windsurf_account_manager_lib::commands::switch_account_commands] Successfully triggered Windsurf callback
[2026-05-09 18:03:00.731] [WARN] [windsurf_account_manager_lib::commands::windsurf_info] Could not detect active Windsurf session
[2026-05-09 18:03:01.236] [WARN] [windsurf_account_manager_lib::commands::windsurf_info] Could not detect active Windsurf session
[2026-05-09 18:03:01.244] [INFO] [windsurf_account_manager_lib::commands::windsurf_info] Windsurf info: name=Some("Mason White"), email=Some("w.i.ndsurf20260212+0yjku@gmail.com"), plan=Some("Pro"), version=Some("2.2.17")
[2026-05-09 18:03:01.245] [WARN] [windsurf_account_manager_lib::commands::windsurf_info] Could not detect active Windsurf session
[2026-05-09 18:03:01.738] [WARN] [windsurf_account_manager_lib::commands::windsurf_info] Could not detect active Windsurf session
[2026-05-09 18:03:02.241] [WARN] [windsurf_account_manager_lib::commands::windsurf_info] Could not detect active Windsurf session
[2026-05-09 18:03:02.744] [WARN] [windsurf_account_manager_lib::commands::windsurf_info] Could not detect active Windsurf session
[2026-05-09 18:03:03.248] [WARN] [windsurf_account_manager_lib::commands::windsurf_info] Could not detect active Windsurf session
[2026-05-09 18:03:03.751] [WARN] [windsurf_account_manager_lib::commands::windsurf_info] Could not detect active Windsurf session
[2026-05-09 18:03:04.254] [WARN] [windsurf_account_manager_lib::commands::windsurf_info] Could not detect active Windsurf session
[2026-05-09 18:03:04.758] [WARN] [windsurf_account_manager_lib::commands::windsurf_info] Could not detect active Windsurf session
[2026-05-09 18:03:05.264] [WARN] [windsurf_account_manager_lib::commands::windsurf_info] Could not detect active Windsurf session
[2026-05-09 18:03:05.767] [WARN] [windsurf_account_manager_lib::commands::windsurf_info] Could not detect active Windsurf session
[2026-05-09 18:03:06.164] [INFO] [windsurf_account_manager_lib::commands::windsurf_info] Windsurf info: name=Some("Mason White"), email=Some("w.i.ndsurf20260212+0yjku@gmail.com"), plan=Some("Pro"), version=Some("2.2.17")
[2026-05-09 18:03:06.165] [WARN] [windsurf_account_manager_lib::commands::windsurf_info] Could not detect active Windsurf session
[2026-05-09 18:03:06.271] [WARN] [windsurf_account_manager_lib::commands::windsurf_info] Could not detect active Windsurf session
[2026-05-09 18:03:06.774] [WARN] [windsurf_account_manager_lib::commands::profile_commands] [Profile][macOS] First callback dispatch did not update profile auth, retrying once: profile_id=d37e8d51-73ca-4787-862a-ad78249fdbba, target_email=wi.ndsurf2026.0212+d7dpk@gmail.com, user_data_dir=/Users/duoo/Library/Application Support/WindsurfProfiles/d37e8d51-73ca-4787-862a-ad78249fdbba
[2026-05-09 18:03:07.976] [INFO] [windsurf_account_manager_lib::commands::switch_account_commands] Triggering Windsurf callback (target=/Users/duoo/Library/Application Support/WindsurfProfiles/d37e8d51-73ca-4787-862a-ad78249fdbba): windsurf://codeium.windsurf#access_token=<hidden>&state=2feb2c91-6374-4a2c-9879-0529fd0d5e29&token_type=Bearer
[2026-05-09 18:03:07.976] [INFO] [windsurf_account_manager_lib::commands::switch_account_commands] [Profile][macOS] Found Windsurf executable: /Applications/Windsurf.app/Contents/MacOS/Windsurf
[2026-05-09 18:03:07.976] [INFO] [windsurf_account_manager_lib::commands::switch_account_commands] [Profile][macOS] Dispatching callback via Windsurf app binary: target=/Users/duoo/Library/Application Support/WindsurfProfiles/d37e8d51-73ca-4787-862a-ad78249fdbba, exe=/Applications/Windsurf.app/Contents/MacOS/Windsurf, arch=x86_64
[2026-05-09 18:03:11.250] [INFO] [windsurf_account_manager_lib::commands::windsurf_info] Windsurf info: name=Some("Mason White"), email=Some("w.i.ndsurf20260212+0yjku@gmail.com"), plan=Some("Pro"), version=Some("2.2.17")
[2026-05-09 18:03:11.251] [WARN] [windsurf_account_manager_lib::commands::windsurf_info] Could not detect active Windsurf session
[2026-05-09 18:03:11.818] [INFO] [windsurf_account_manager_lib::commands::switch_account_commands] [Profile][macOS] Successfully triggered Windsurf callback via CLI
[2026-05-09 18:03:11.818] [INFO] [windsurf_account_manager_lib::commands::switch_account_commands] Successfully triggered Windsurf callback
[2026-05-09 18:03:11.819] [WARN] [windsurf_account_manager_lib::commands::windsurf_info] Could not detect active Windsurf session
[2026-05-09 18:03:12.322] [WARN] [windsurf_account_manager_lib::commands::windsurf_info] Could not detect active Windsurf session
[2026-05-09 18:03:12.826] [WARN] [windsurf_account_manager_lib::commands::windsurf_info] Could not detect active Windsurf session
[2026-05-09 18:03:13.329] [WARN] [windsurf_account_manager_lib::commands::windsurf_info] Could not detect active Windsurf session
[2026-05-09 18:03:13.831] [WARN] [windsurf_account_manager_lib::commands::windsurf_info] Could not detect active Windsurf session
[2026-05-09 18:03:14.333] [WARN] [windsurf_account_manager_lib::commands::windsurf_info] Could not detect active Windsurf session
[2026-05-09 18:03:14.835] [WARN] [windsurf_account_manager_lib::commands::windsurf_info] Could not detect active Windsurf session
[2026-05-09 18:03:15.339] [WARN] [windsurf_account_manager_lib::commands::windsurf_info] Could not detect active Windsurf session
[2026-05-09 18:03:15.840] [WARN] [windsurf_account_manager_lib::commands::windsurf_info] Could not detect active Windsurf session
[2026-05-09 18:03:16.156] [INFO] [windsurf_account_manager_lib::commands::windsurf_info] Windsurf info: name=Some("Mason White"), email=Some("w.i.ndsurf20260212+0yjku@gmail.com"), plan=Some("Pro"), version=Some("2.2.17")
[2026-05-09 18:03:16.157] [WARN] [windsurf_account_manager_lib::commands::windsurf_info] Could not detect active Windsurf session
[2026-05-09 18:03:16.344] [WARN] [windsurf_account_manager_lib::commands::windsurf_info] Could not detect active Windsurf session
[2026-05-09 18:03:16.847] [WARN] [windsurf_account_manager_lib::commands::windsurf_info] Could not detect active Windsurf session
[2026-05-09 18:03:17.351] [WARN] [windsurf_account_manager_lib::commands::windsurf_info] Could not detect active Windsurf session
[2026-05-09 18:03:17.852] [WARN] [windsurf_account_manager_lib::commands::windsurf_info] Could not detect active Windsurf session
[2026-05-09 18:03:18.355] [WARN] [windsurf_account_manager_lib::commands::windsurf_info] Could not detect active Windsurf session
[2026-05-09 18:03:18.857] [WARN] [windsurf_account_manager_lib::commands::windsurf_info] Could not detect active Windsurf session
[2026-05-09 18:03:19.360] [WARN] [windsurf_account_manager_lib::commands::windsurf_info] Could not detect active Windsurf session
[2026-05-09 18:03:19.863] [WARN] [windsurf_account_manager_lib::commands::windsurf_info] Could not detect active Windsurf session
[2026-05-09 18:03:20.366] [WARN] [windsurf_account_manager_lib::commands::windsurf_info] Could not detect active Windsurf session
[2026-05-09 18:03:20.870] [WARN] [windsurf_account_manager_lib::commands::windsurf_info] Could not detect active Windsurf session
[2026-05-09 18:03:21.139] [INFO] [windsurf_account_manager_lib::commands::windsurf_info] Windsurf info: name=Some("Mason White"), email=Some("w.i.ndsurf20260212+0yjku@gmail.com"), plan=Some("Pro"), version=Some("2.2.17")
[2026-05-09 18:03:21.140] [WARN] [windsurf_account_manager_lib::commands::windsurf_info] Could not detect active Windsurf session
[2026-05-09 18:03:21.373] [WARN] [windsurf_account_manager_lib::commands::windsurf_info] Could not detect active Windsurf session
[2026-05-09 18:03:21.876] [WARN] [windsurf_account_manager_lib::commands::windsurf_info] Could not detect active Windsurf session
[2026-05-09 18:03:22.379] [WARN] [windsurf_account_manager_lib::commands::windsurf_info] Could not detect active Windsurf session
[2026-05-09 18:03:22.881] [WARN] [windsurf_account_manager_lib::commands::windsurf_info] Could not detect active Windsurf session
[2026-05-09 18:03:23.384] [WARN] [windsurf_account_manager_lib::commands::windsurf_info] Could not detect active Windsurf session
[2026-05-09 18:03:23.885] [WARN] [windsurf_account_manager_lib::commands::profile_commands] [Profile] 切号后未在短时间内读到目标账号，等待编辑器异步生效: profile_id=d37e8d51-73ca-4787-862a-ad78249fdbba, target_email=wi.ndsurf2026.0212+d7dpk@gmail.com, user_data_dir=/Users/duoo/Library/Application Support/WindsurfProfiles/d37e8d51-73ca-4787-862a-ad78249fdbba, os=macos, arch=x86_64
[2026-05-09 18:03:24.383] [INFO] [windsurf_account_manager_lib::commands::windsurf_info] Windsurf info: name=Some("Mason White"), email=Some("w.i.ndsurf20260212+0yjku@gmail.com"), plan=Some("Pro"), version=Some("2.2.17")
[2026-05-09 18:03:24.801] [INFO] [windsurf_account_manager_lib::services::windsurf_service] [GetPlanStatus] Status code: 200, token_prefix=devin-session-token$eyJhb..., response_size=1792 bytes
[2026-05-09 18:03:24.940] [INFO] [windsurf_account_manager_lib::commands::windsurf_info] Windsurf info: name=Some("Mason White"), email=Some("w.i.ndsurf20260212+0yjku@gmail.com"), plan=Some("Pro"), version=Some("2.2.17")
[2026-05-09 18:03:24.941] [WARN] [windsurf_account_manager_lib::commands::windsurf_info] Could not detect active Windsurf session
[2026-05-09 18:03:26.165] [INFO] [windsurf_account_manager_lib::commands::windsurf_info] Windsurf info: name=Some("Mason White"), email=Some("w.i.ndsurf20260212+0yjku@gmail.com"), plan=Some("Pro"), version=Some("2.2.17")
[2026-05-09 18:03:26.166] [WARN] [windsurf_account_manager_lib::commands::windsurf_info] Could not detect active Windsurf session
[2026-05-09 18:03:31.243] [INFO] [windsurf_account_manager_lib::commands::windsurf_info] Windsurf info: name=Some("Mason White"), email=Some("w.i.ndsurf20260212+0yjku@gmail.com"), plan=Some("Pro"), version=Some("2.2.17")
[2026-05-09 18:03:31.245] [WARN] [windsurf_account_manager_lib::commands::windsurf_info] Could not detect active Windsurf session
[2026-05-09 18:03:34.492] [INFO] [windsurf_account_manager_lib::commands::windsurf_info] Windsurf info: name=Some("Mason White"), email=Some("w.i.ndsurf20260212+0yjku@gmail.com"), plan=Some("Pro"), version=Some("2.2.17")
[2026-05-09 18:03:34.494] [WARN] [windsurf_account_manager_lib::commands::windsurf_info] Could not detect active Windsurf session
[2026-05-09 18:03:34.501] [WARN] [windsurf_account_manager_lib::commands::windsurf_info] Could not detect active Windsurf session
[2026-05-09 18:03:34.502] [INFO] [windsurf_account_manager_lib::commands::windsurf_info] Windsurf info: name=Some("Mason White"), email=Some("w.i.ndsurf20260212+0yjku@gmail.com"), plan=Some("Pro"), version=Some("2.2.17")
[2026-05-09 18:03:34.502] [INFO] [windsurf_account_manager_lib::commands::profile_commands] Switching profile '1' to account wi.ndsurf2026.0212+d7dpk@gmail.com
[2026-05-09 18:03:34.502] [INFO] [windsurf_account_manager_lib::commands::switch_account_commands] Using devin-auth flow (auth1_ token detected)...
[2026-05-09 18:03:34.502] [INFO] [windsurf_account_manager_lib::services::auth_service] [refresh_ott] Refreshing OTT with auth1_token...
[2026-05-09 18:03:35.408] [INFO] [windsurf_account_manager_lib::services::auth_service] [GetOneTimeAuthToken refresh] Trying GetOneTimeAuthToken variant=web_backend_session_x_auth body_prefix=devin-session-token$...
[2026-05-09 18:03:35.925] [INFO] [windsurf_account_manager_lib::services::auth_service] [GetOneTimeAuthToken refresh] variant=web_backend_session_x_auth succeeded
[2026-05-09 18:03:35.926] [INFO] [windsurf_account_manager_lib::services::auth_service] [refresh_ott] OK: OTT=ott$qlaQztVPRyP4305N...
[2026-05-09 18:03:36.382] [INFO] [windsurf_account_manager_lib::commands::windsurf_info] Windsurf info: name=Some("Mason White"), email=Some("w.i.ndsurf20260212+0yjku@gmail.com"), plan=Some("Pro"), version=Some("2.2.17")
[2026-05-09 18:03:36.383] [WARN] [windsurf_account_manager_lib::commands::windsurf_info] Could not detect active Windsurf session
[2026-05-09 18:03:36.638] [INFO] [windsurf_account_manager_lib::commands::switch_account_commands] RegisterUser SUCCESS (via devin-auth): apiKey=devin-session-token$..., name=Logan Green, server=https://server.self-serve.windsurf.com
[2026-05-09 18:03:36.638] [INFO] [windsurf_account_manager_lib::services::auth_service] [GetOneTimeAuthToken] Trying GetOneTimeAuthToken variant=web_backend_session_x_auth body_prefix=devin-session-token$...
[2026-05-09 18:03:37.047] [INFO] [windsurf_account_manager_lib::services::auth_service] [GetOneTimeAuthToken] variant=web_backend_session_x_auth succeeded
[2026-05-09 18:03:37.047] [INFO] [windsurf_account_manager_lib::services::auth_service] [get_fresh_ott] New OTT=ott$vsws9oKB1GvmtPNI...
[2026-05-09 18:03:37.049] [INFO] [windsurf_account_manager_lib::commands::switch_account_commands] Reset machine IDs for profile '1' (storage.json only, HKLM unchanged)
[2026-05-09 18:03:37.050] [WARN] [windsurf_account_manager_lib::commands::windsurf_info] Could not detect active Windsurf session
[2026-05-09 18:03:37.182] [INFO] [windsurf_account_manager_lib::commands::switch_account_commands] [Profile][macOS] Found Windsurf executable: /Applications/Windsurf.app/Contents/MacOS/Windsurf
[2026-05-09 18:03:37.182] [INFO] [windsurf_account_manager_lib::commands::profile_commands] [Profile][macOS] Preparing profile callback login: profile_id=d37e8d51-73ca-4787-862a-ad78249fdbba, was_running=true, already_authenticated=false, user_data_dir=/Users/duoo/Library/Application Support/WindsurfProfiles/d37e8d51-73ca-4787-862a-ad78249fdbba, arch=x86_64
[2026-05-09 18:03:37.182] [INFO] [windsurf_account_manager_lib::commands::profile_commands] [Profile][macOS] Profile already running, dispatching callback directly: profile_id=d37e8d51-73ca-4787-862a-ad78249fdbba, target_email=wi.ndsurf2026.0212+d7dpk@gmail.com
[2026-05-09 18:03:37.182] [INFO] [windsurf_account_manager_lib::commands::switch_account_commands] Triggering Windsurf callback (target=/Users/duoo/Library/Application Support/WindsurfProfiles/d37e8d51-73ca-4787-862a-ad78249fdbba): windsurf://codeium.windsurf#access_token=<hidden>&state=da30520a-bcfa-438f-adab-f82025781964&token_type=Bearer
[2026-05-09 18:03:37.182] [INFO] [windsurf_account_manager_lib::commands::switch_account_commands] [Profile][macOS] Found Windsurf executable: /Applications/Windsurf.app/Contents/MacOS/Windsurf
[2026-05-09 18:03:37.182] [INFO] [windsurf_account_manager_lib::commands::switch_account_commands] [Profile][macOS] Dispatching callback via Windsurf app binary: target=/Users/duoo/Library/Application Support/WindsurfProfiles/d37e8d51-73ca-4787-862a-ad78249fdbba, exe=/Applications/Windsurf.app/Contents/MacOS/Windsurf, arch=x86_64
[2026-05-09 18:03:39.581] [INFO] [windsurf_account_manager_lib::commands::switch_account_commands] [Profile][macOS] Successfully triggered Windsurf callback via CLI
[2026-05-09 18:03:39.581] [INFO] [windsurf_account_manager_lib::commands::switch_account_commands] Successfully triggered Windsurf callback
[2026-05-09 18:03:39.582] [INFO] [windsurf_account_manager_lib::commands::windsurf_info] No windsurfAuthStatus, but found auth user: Logan Green
[2026-05-09 18:03:39.582] [INFO] [windsurf_account_manager_lib::commands::windsurf_info] Windsurf info: name=Some("Logan Green"), email=None, plan=None, version=Some("2.2.17")
[2026-05-09 18:03:40.084] [INFO] [windsurf_account_manager_lib::commands::windsurf_info] No windsurfAuthStatus, but found auth user: Logan Green
[2026-05-09 18:03:40.085] [INFO] [windsurf_account_manager_lib::commands::windsurf_info] Windsurf info: name=Some("Logan Green"), email=None, plan=None, version=Some("2.2.17")
[2026-05-09 18:03:40.586] [INFO] [windsurf_account_manager_lib::commands::windsurf_info] No windsurfAuthStatus, but found auth user: Logan Green
[2026-05-09 18:03:40.586] [INFO] [windsurf_account_manager_lib::commands::windsurf_info] Windsurf info: name=Some("Logan Green"), email=None, plan=None, version=Some("2.2.17")
[2026-05-09 18:03:41.079] [INFO] [windsurf_account_manager_lib::commands::windsurf_info] Windsurf info: name=Some("Mason White"), email=Some("w.i.ndsurf20260212+0yjku@gmail.com"), plan=Some("Pro"), version=Some("2.2.17")
[2026-05-09 18:03:41.080] [INFO] [windsurf_account_manager_lib::commands::windsurf_info] No windsurfAuthStatus, but found auth user: Logan Green
[2026-05-09 18:03:41.080] [INFO] [windsurf_account_manager_lib::commands::windsurf_info] Windsurf info: name=Some("Logan Green"), email=None, plan=None, version=Some("2.2.17")
[2026-05-09 18:03:41.090] [INFO] [windsurf_account_manager_lib::commands::windsurf_info] No windsurfAuthStatus, but found auth user: Logan Green
[2026-05-09 18:03:41.090] [INFO] [windsurf_account_manager_lib::commands::windsurf_info] Windsurf info: name=Some("Logan Green"), email=None, plan=None, version=Some("2.2.17")
[2026-05-09 18:03:41.593] [INFO] [windsurf_account_manager_lib::commands::windsurf_info] No windsurfAuthStatus, but found auth user: Logan Green
[2026-05-09 18:03:41.593] [INFO] [windsurf_account_manager_lib::commands::windsurf_info] Windsurf info: name=Some("Logan Green"), email=None, plan=None, version=Some("2.2.17")
[2026-05-09 18:03:42.097] [INFO] [windsurf_account_manager_lib::commands::windsurf_info] No windsurfAuthStatus, but found auth user: Logan Green
[2026-05-09 18:03:42.098] [INFO] [windsurf_account_manager_lib::commands::windsurf_info] Windsurf info: name=Some("Logan Green"), email=None, plan=None, version=Some("2.2.17")
[2026-05-09 18:03:42.600] [INFO] [windsurf_account_manager_lib::commands::windsurf_info] No windsurfAuthStatus, but found auth user: Logan Green
[2026-05-09 18:03:42.600] [INFO] [windsurf_account_manager_lib::commands::windsurf_info] Windsurf info: name=Some("Logan Green"), email=None, plan=None, version=Some("2.2.17")
[2026-05-09 18:03:43.103] [INFO] [windsurf_account_manager_lib::commands::windsurf_info] No windsurfAuthStatus, but found auth user: Logan Green
[2026-05-09 18:03:43.103] [INFO] [windsurf_account_manager_lib::commands::windsurf_info] Windsurf info: name=Some("Logan Green"), email=None, plan=None, version=Some("2.2.17")
[2026-05-09 18:03:43.606] [INFO] [windsurf_account_manager_lib::commands::windsurf_info] No windsurfAuthStatus, but found auth user: Logan Green
[2026-05-09 18:03:43.606] [INFO] [windsurf_account_manager_lib::commands::windsurf_info] Windsurf info: name=Some("Logan Green"), email=None, plan=None, version=Some("2.2.17")
[2026-05-09 18:03:44.107] [INFO] [windsurf_account_manager_lib::commands::windsurf_info] No windsurfAuthStatus, but found auth user: Logan Green
[2026-05-09 18:03:44.107] [INFO] [windsurf_account_manager_lib::commands::windsurf_info] Windsurf info: name=Some("Logan Green"), email=None, plan=None, version=Some("2.2.17")
[2026-05-09 18:03:44.611] [INFO] [windsurf_account_manager_lib::commands::windsurf_info] No windsurfAuthStatus, but found auth user: Logan Green
[2026-05-09 18:03:44.611] [INFO] [windsurf_account_manager_lib::commands::windsurf_info] Windsurf info: name=Some("Logan Green"), email=None, plan=None, version=Some("2.2.17")
[2026-05-09 18:03:45.169] [INFO] [windsurf_account_manager_lib::commands::windsurf_info] Windsurf info: name=Some("Logan Green"), email=Some("wi.ndsurf2026.0212+d7dpk@gmail.com"), plan=None, version=Some("2.2.17")
[2026-05-09 18:03:45.169] [INFO] [windsurf_account_manager_lib::commands::profile_commands] [Profile][macOS] Profile callback verified after first dispatch: profile_id=d37e8d51-73ca-4787-862a-ad78249fdbba, target_email=wi.ndsurf2026.0212+d7dpk@gmail.com
[2026-05-09 18:03:45.171] [INFO] [windsurf_account_manager_lib::commands::windsurf_info] Windsurf info: name=Some("Logan Green"), email=Some("wi.ndsurf2026.0212+d7dpk@gmail.com"), plan=None, version=Some("2.2.17")
[2026-05-09 18:03:46.113] [INFO] [windsurf_account_manager_lib::commands::windsurf_info] Windsurf info: name=Some("Mason White"), email=Some("w.i.ndsurf20260212+0yjku@gmail.com"), plan=Some("Pro"), version=Some("2.2.17")
[2026-05-09 18:03:46.114] [INFO] [windsurf_account_manager_lib::commands::windsurf_info] Windsurf info: name=Some("Logan Green"), email=Some("wi.ndsurf2026.0212+d7dpk@gmail.com"), plan=None, version=Some("2.2.17")
[2026-05-09 18:03:51.112] [INFO] [windsurf_account_manager_lib::commands::windsurf_info] Windsurf info: name=Some("Mason White"), email=Some("w.i.ndsurf20260212+0yjku@gmail.com"), plan=Some("Pro"), version=Some("2.2.17")
[2026-05-09 18:03:51.113] [INFO] [windsurf_account_manager_lib::commands::windsurf_info] Windsurf info: name=Some("Logan Green"), email=Some("wi.ndsurf2026.0212+d7dpk@gmail.com"), plan=None, version=Some("2.2.17")
[2026-05-09 18:03:54.381] [INFO] [windsurf_account_manager_lib::commands::windsurf_info] Windsurf info: name=Some("Mason White"), email=Some("w.i.ndsurf20260212+0yjku@gmail.com"), plan=Some("Pro"), version=Some("2.2.17")
[2026-05-09 18:03:54.661] [INFO] [windsurf_account_manager_lib::services::windsurf_service] [GetPlanStatus] Status code: 200, token_prefix=devin-session-token$eyJhb..., response_size=1792 bytes
[2026-05-09 18:03:54.722] [INFO] [windsurf_account_manager_lib::commands::windsurf_info] Windsurf info: name=Some("Mason White"), email=Some("w.i.ndsurf20260212+0yjku@gmail.com"), plan=Some("Pro"), version=Some("2.2.17")
[2026-05-09 18:03:54.723] [INFO] [windsurf_account_manager_lib::commands::windsurf_info] Windsurf info: name=Some("Logan Green"), email=Some("wi.ndsurf2026.0212+d7dpk@gmail.com"), plan=None, version=Some("2.2.17")
[2026-05-09 18:03:56.076] [INFO] [windsurf_account_manager_lib::commands::windsurf_info] Windsurf info: name=Some("Mason White"), email=Some("w.i.ndsurf20260212+0yjku@gmail.com"), plan=Some("Pro"), version=Some("2.2.17")
[2026-05-09 18:03:56.077] [INFO] [windsurf_account_manager_lib::commands::windsurf_info] Windsurf info: name=Some("Logan Green"), email=Some("wi.ndsurf2026.0212+d7dpk@gmail.com"), plan=None, version=Some("2.2.17")
[2026-05-09 18:03:58.796] [INFO] [windsurf_account_manager_lib::commands::switch_account_commands] [Profile][macOS] Found Windsurf executable: /Applications/Windsurf.app/Contents/MacOS/Windsurf
[2026-05-09 18:03:58.796] [INFO] [windsurf_account_manager_lib::commands::profile_commands] [Profile][macOS] Launching Windsurf: profile_id=d37e8d51-73ca-4787-862a-ad78249fdbba, name=1, exe=/Applications/Windsurf.app/Contents/MacOS/Windsurf, user_data_dir=/Users/duoo/Library/Application Support/WindsurfProfiles/d37e8d51-73ca-4787-862a-ad78249fdbba, arch=x86_64
[2026-05-09 18:03:58.796] [INFO] [windsurf_account_manager_lib::commands::profile_commands] [Profile][macOS] Windsurf spawn requested: profile_id=d37e8d51-73ca-4787-862a-ad78249fdbba, pid=9856
[2026-05-09 18:03:58.865] [INFO] [windsurf_account_manager_lib::commands::windsurf_info] Windsurf info: name=Some("Mason White"), email=Some("w.i.ndsurf20260212+0yjku@gmail.com"), plan=Some("Pro"), version=Some("2.2.17")
[2026-05-09 18:03:58.866] [INFO] [windsurf_account_manager_lib::commands::windsurf_info] Windsurf info: name=Some("Logan Green"), email=Some("wi.ndsurf2026.0212+d7dpk@gmail.com"), plan=None, version=Some("2.2.17")
[2026-05-09 18:04:01.072] [INFO] [windsurf_account_manager_lib::commands::windsurf_info] Windsurf info: name=Some("Mason White"), email=Some("w.i.ndsurf20260212+0yjku@gmail.com"), plan=Some("Pro"), version=Some("2.2.17")
[2026-05-09 18:04:01.073] [INFO] [windsurf_account_manager_lib::commands::windsurf_info] Windsurf info: name=Some("Logan Green"), email=Some("wi.ndsurf2026.0212+d7dpk@gmail.com"), plan=None, version=Some("2.2.17")
[2026-05-09 18:04:04.453] [INFO] [windsurf_account_manager_lib::commands::windsurf_info] Windsurf info: name=Some("Mason White"), email=Some("w.i.ndsurf20260212+0yjku@gmail.com"), plan=Some("Pro"), version=Some("2.2.17")
[2026-05-09 18:04:04.454] [INFO] [windsurf_account_manager_lib::commands::windsurf_info] Windsurf info: name=Some("Logan Green"), email=Some("wi.ndsurf2026.0212+d7dpk@gmail.com"), plan=None, version=Some("2.2.17")
[2026-05-09 18:04:06.081] [INFO] [windsurf_account_manager_lib::commands::windsurf_info] Windsurf info: name=Some("Mason White"), email=Some("w.i.ndsurf20260212+0yjku@gmail.com"), plan=Some("Pro"), version=Some("2.2.17")
[2026-05-09 18:04:06.082] [INFO] [windsurf_account_manager_lib::commands::windsurf_info] Windsurf info: name=Some("Logan Green"), email=Some("wi.ndsurf2026.0212+d7dpk@gmail.com"), plan=None, version=Some("2.2.17")
[2026-05-09 18:04:11.126] [INFO] [windsurf_account_manager_lib::commands::windsurf_info] Windsurf info: name=Some("Mason White"), email=Some("w.i.ndsurf20260212+0yjku@gmail.com"), plan=Some("Pro"), version=Some("2.2.17")
[2026-05-09 18:04:11.127] [INFO] [windsurf_account_manager_lib::commands::windsurf_info] Windsurf info: name=Some("Logan Green"), email=Some("wi.ndsurf2026.0212+d7dpk@gmail.com"), plan=None, version=Some("2.2.17")
[2026-05-09 18:04:13.026] [INFO] [windsurf_account_manager_lib::commands::profile_commands] Switching profile '1' to account windsu.rf2.0260.212+2mlk1@gmail.com
[2026-05-09 18:04:13.027] [INFO] [windsurf_account_manager_lib::commands::switch_account_commands] Using devin-auth flow (auth1_ token detected)...
[2026-05-09 18:04:13.027] [INFO] [windsurf_account_manager_lib::services::auth_service] [refresh_ott] Refreshing OTT with auth1_token...
[2026-05-09 18:04:13.856] [INFO] [windsurf_account_manager_lib::services::auth_service] [GetOneTimeAuthToken refresh] Trying GetOneTimeAuthToken variant=web_backend_session_x_auth body_prefix=devin-session-token$...
[2026-05-09 18:04:14.436] [INFO] [windsurf_account_manager_lib::commands::windsurf_info] Windsurf info: name=Some("Mason White"), email=Some("w.i.ndsurf20260212+0yjku@gmail.com"), plan=Some("Pro"), version=Some("2.2.17")
[2026-05-09 18:04:14.437] [INFO] [windsurf_account_manager_lib::commands::windsurf_info] Windsurf info: name=Some("Logan Green"), email=Some("wi.ndsurf2026.0212+d7dpk@gmail.com"), plan=None, version=Some("2.2.17")
[2026-05-09 18:04:14.439] [INFO] [windsurf_account_manager_lib::commands::windsurf_info] Windsurf info: name=Some("Logan Green"), email=Some("wi.ndsurf2026.0212+d7dpk@gmail.com"), plan=None, version=Some("2.2.17")
[2026-05-09 18:04:14.729] [INFO] [windsurf_account_manager_lib::services::auth_service] [GetOneTimeAuthToken refresh] variant=web_backend_session_x_auth succeeded
[2026-05-09 18:04:14.729] [INFO] [windsurf_account_manager_lib::services::auth_service] [refresh_ott] OK: OTT=ott$VlKdbNcJXCV9kQN8...
[2026-05-09 18:04:14.896] [INFO] [windsurf_account_manager_lib::services::windsurf_service] [GetPlanStatus] Status code: 200, token_prefix=devin-session-token$eyJhb..., response_size=1792 bytes
[2026-05-09 18:04:15.550] [INFO] [windsurf_account_manager_lib::commands::switch_account_commands] RegisterUser SUCCESS (via devin-auth): apiKey=devin-session-token$..., name=Ava Nelson, server=https://server.self-serve.windsurf.com
[2026-05-09 18:04:15.550] [INFO] [windsurf_account_manager_lib::services::auth_service] [GetOneTimeAuthToken] Trying GetOneTimeAuthToken variant=web_backend_session_x_auth body_prefix=devin-session-token$...
[2026-05-09 18:04:16.168] [INFO] [windsurf_account_manager_lib::services::auth_service] [GetOneTimeAuthToken] variant=web_backend_session_x_auth succeeded
[2026-05-09 18:04:16.168] [INFO] [windsurf_account_manager_lib::services::auth_service] [get_fresh_ott] New OTT=ott$p4ik2pjR7lxfS-7Q...
[2026-05-09 18:04:16.170] [INFO] [windsurf_account_manager_lib::commands::switch_account_commands] Reset machine IDs for profile '1' (storage.json only, HKLM unchanged)
[2026-05-09 18:04:16.171] [INFO] [windsurf_account_manager_lib::commands::windsurf_info] Windsurf info: name=Some("Logan Green"), email=Some("wi.ndsurf2026.0212+d7dpk@gmail.com"), plan=None, version=Some("2.2.17")
[2026-05-09 18:04:16.224] [INFO] [windsurf_account_manager_lib::commands::switch_account_commands] [Profile][macOS] Found Windsurf executable: /Applications/Windsurf.app/Contents/MacOS/Windsurf
[2026-05-09 18:04:16.224] [INFO] [windsurf_account_manager_lib::commands::profile_commands] [Profile][macOS] Preparing profile callback login: profile_id=d37e8d51-73ca-4787-862a-ad78249fdbba, was_running=true, already_authenticated=true, user_data_dir=/Users/duoo/Library/Application Support/WindsurfProfiles/d37e8d51-73ca-4787-862a-ad78249fdbba, arch=x86_64
[2026-05-09 18:04:16.224] [INFO] [windsurf_account_manager_lib::commands::profile_commands] [Profile][macOS] Profile already running, dispatching callback directly: profile_id=d37e8d51-73ca-4787-862a-ad78249fdbba, target_email=windsu.rf2.0260.212+2mlk1@gmail.com
[2026-05-09 18:04:16.224] [INFO] [windsurf_account_manager_lib::commands::switch_account_commands] Triggering Windsurf callback (target=/Users/duoo/Library/Application Support/WindsurfProfiles/d37e8d51-73ca-4787-862a-ad78249fdbba): windsurf://codeium.windsurf#access_token=<hidden>&state=9629e157-e78f-448d-9edf-5696fea9c4ef&token_type=Bearer
[2026-05-09 18:04:16.224] [INFO] [windsurf_account_manager_lib::commands::switch_account_commands] [Profile][macOS] Found Windsurf executable: /Applications/Windsurf.app/Contents/MacOS/Windsurf
[2026-05-09 18:04:16.224] [INFO] [windsurf_account_manager_lib::commands::switch_account_commands] [Profile][macOS] Dispatching callback via Windsurf app binary: target=/Users/duoo/Library/Application Support/WindsurfProfiles/d37e8d51-73ca-4787-862a-ad78249fdbba, exe=/Applications/Windsurf.app/Contents/MacOS/Windsurf, arch=x86_64
[2026-05-09 18:04:17.851] [INFO] [windsurf_account_manager_lib::commands::switch_account_commands] [Profile][macOS] Successfully triggered Windsurf callback via CLI
[2026-05-09 18:04:17.851] [INFO] [windsurf_account_manager_lib::commands::switch_account_commands] Successfully triggered Windsurf callback
[2026-05-09 18:04:17.852] [INFO] [windsurf_account_manager_lib::commands::windsurf_info] Windsurf info: name=Some("Logan Green"), email=Some("wi.ndsurf2026.0212+d7dpk@gmail.com"), plan=None, version=Some("2.2.17")
[2026-05-09 18:04:18.355] [INFO] [windsurf_account_manager_lib::commands::windsurf_info] Windsurf info: name=Some("Logan Green"), email=Some("wi.ndsurf2026.0212+d7dpk@gmail.com"), plan=None, version=Some("2.2.17")
[2026-05-09 18:04:18.859] [INFO] [windsurf_account_manager_lib::commands::windsurf_info] Windsurf info: name=Some("Logan Green"), email=Some("wi.ndsurf2026.0212+d7dpk@gmail.com"), plan=None, version=Some("2.2.17")
[2026-05-09 18:04:19.363] [INFO] [windsurf_account_manager_lib::commands::windsurf_info] Windsurf info: name=Some("Logan Green"), email=Some("wi.ndsurf2026.0212+d7dpk@gmail.com"), plan=None, version=Some("2.2.17")
[2026-05-09 18:04:19.867] [INFO] [windsurf_account_manager_lib::commands::windsurf_info] Windsurf info: name=Some("Logan Green"), email=Some("wi.ndsurf2026.0212+d7dpk@gmail.com"), plan=None, version=Some("2.2.17")
[2026-05-09 18:04:20.373] [INFO] [windsurf_account_manager_lib::commands::windsurf_info] Windsurf info: name=Some("Ava Nelson"), email=Some("windsu.rf2.0260.212+2mlk1@gmail.com"), plan=None, version=Some("2.2.17")
[2026-05-09 18:04:20.373] [INFO] [windsurf_account_manager_lib::commands::profile_commands] [Profile][macOS] Profile callback verified after first dispatch: profile_id=d37e8d51-73ca-4787-862a-ad78249fdbba, target_email=windsu.rf2.0260.212+2mlk1@gmail.com
[2026-05-09 18:04:20.375] [INFO] [windsurf_account_manager_lib::commands::windsurf_info] Windsurf info: name=Some("Ava Nelson"), email=Some("windsu.rf2.0260.212+2mlk1@gmail.com"), plan=None, version=Some("2.2.17")
[2026-05-09 18:04:20.482] [INFO] [windsurf_account_manager_lib::commands::windsurf_info] Windsurf info: name=Some("Mason White"), email=Some("w.i.ndsurf20260212+0yjku@gmail.com"), plan=Some("Pro"), version=Some("2.2.17")
[2026-05-09 18:04:20.482] [INFO] [windsurf_account_manager_lib::commands::windsurf_info] Windsurf info: name=Some("Ava Nelson"), email=Some("windsu.rf2.0260.212+2mlk1@gmail.com"), plan=None, version=Some("2.2.17")
[2026-05-09 18:04:21.087] [INFO] [windsurf_account_manager_lib::commands::windsurf_info] Windsurf info: name=Some("Mason White"), email=Some("w.i.ndsurf20260212+0yjku@gmail.com"), plan=Some("Pro"), version=Some("2.2.17")
[2026-05-09 18:04:21.088] [INFO] [windsurf_account_manager_lib::commands::windsurf_info] Windsurf info: name=Some("Ava Nelson"), email=Some("windsu.rf2.0260.212+2mlk1@gmail.com"), plan=None, version=Some("2.2.17")
[2026-05-09 18:04:24.383] [INFO] [windsurf_account_manager_lib::commands::windsurf_info] Windsurf info: name=Some("Mason White"), email=Some("w.i.ndsurf20260212+0yjku@gmail.com"), plan=Some("Pro"), version=Some("2.2.17")
[2026-05-09 18:04:24.972] [INFO] [windsurf_account_manager_lib::services::windsurf_service] [GetPlanStatus] Status code: 200, token_prefix=devin-session-token$eyJhb..., response_size=1792 bytes
[2026-05-09 18:04:25.036] [INFO] [windsurf_account_manager_lib::commands::windsurf_info] Windsurf info: name=Some("Mason White"), email=Some("w.i.ndsurf20260212+0yjku@gmail.com"), plan=Some("Pro"), version=Some("2.2.17")
[2026-05-09 18:04:25.037] [INFO] [windsurf_account_manager_lib::commands::windsurf_info] Windsurf info: name=Some("Ava Nelson"), email=Some("windsu.rf2.0260.212+2mlk1@gmail.com"), plan=None, version=Some("2.2.17")
[2026-05-09 18:04:26.082] [INFO] [windsurf_account_manager_lib::commands::windsurf_info] Windsurf info: name=Some("Mason White"), email=Some("w.i.ndsurf20260212+0yjku@gmail.com"), plan=Some("Pro"), version=Some("2.2.17")
[2026-05-09 18:04:26.083] [INFO] [windsurf_account_manager_lib::commands::windsurf_info] Windsurf info: name=Some("Ava Nelson"), email=Some("windsu.rf2.0260.212+2mlk1@gmail.com"), plan=None, version=Some("2.2.17")
[2026-05-09 18:04:31.131] [INFO] [windsurf_account_manager_lib::commands::windsurf_info] Windsurf info: name=Some("Mason White"), email=Some("w.i.ndsurf20260212+0yjku@gmail.com"), plan=Some("Pro"), version=Some("2.2.17")
[2026-05-09 18:04:31.132] [INFO] [windsurf_account_manager_lib::commands::windsurf_info] Windsurf info: name=Some("Ava Nelson"), email=Some("windsu.rf2.0260.212+2mlk1@gmail.com"), plan=None, version=Some("2.2.17")
[2026-05-09 18:04:34.433] [INFO] [windsurf_account_manager_lib::commands::windsurf_info] Windsurf info: name=Some("Mason White"), email=Some("w.i.ndsurf20260212+0yjku@gmail.com"), plan=Some("Pro"), version=Some("2.2.17")
[2026-05-09 18:04:34.434] [INFO] [windsurf_account_manager_lib::commands::windsurf_info] Windsurf info: name=Some("Ava Nelson"), email=Some("windsu.rf2.0260.212+2mlk1@gmail.com"), plan=None, version=Some("2.2.17")
[2026-05-09 18:04:36.080] [INFO] [windsurf_account_manager_lib::commands::windsurf_info] Windsurf info: name=Some("Mason White"), email=Some("w.i.ndsurf20260212+0yjku@gmail.com"), plan=Some("Pro"), version=Some("2.2.17")
[2026-05-09 18:04:36.080] [INFO] [windsurf_account_manager_lib::commands::windsurf_info] Windsurf info: name=Some("Ava Nelson"), email=Some("windsu.rf2.0260.212+2mlk1@gmail.com"), plan=None, version=Some("2.2.17")
[2026-05-09 18:04:41.084] [INFO] [windsurf_account_manager_lib::commands::windsurf_info] Windsurf info: name=Some("Mason White"), email=Some("w.i.ndsurf20260212+0yjku@gmail.com"), plan=Some("Pro"), version=Some("2.2.17")
[2026-05-09 18:04:41.085] [INFO] [windsurf_account_manager_lib::commands::windsurf_info] Windsurf info: name=Some("Ava Nelson"), email=Some("windsu.rf2.0260.212+2mlk1@gmail.com"), plan=None, version=Some("2.2.17")
[2026-05-09 18:04:44.438] [INFO] [windsurf_account_manager_lib::commands::windsurf_info] Windsurf info: name=Some("Mason White"), email=Some("w.i.ndsurf20260212+0yjku@gmail.com"), plan=Some("Pro"), version=Some("2.2.17")
[2026-05-09 18:04:44.438] [INFO] [windsurf_account_manager_lib::commands::windsurf_info] Windsurf info: name=Some("Ava Nelson"), email=Some("windsu.rf2.0260.212+2mlk1@gmail.com"), plan=None, version=Some("2.2.17")
[2026-05-09 18:04:44.441] [INFO] [windsurf_account_manager_lib::commands::windsurf_info] Windsurf info: name=Some("Ava Nelson"), email=Some("windsu.rf2.0260.212+2mlk1@gmail.com"), plan=None, version=Some("2.2.17")
[2026-05-09 18:04:45.038] [INFO] [windsurf_account_manager_lib::services::windsurf_service] [GetPlanStatus] Status code: 200, token_prefix=devin-session-token$eyJhb..., response_size=1792 bytes
[2026-05-09 18:04:46.086] [INFO] [windsurf_account_manager_lib::commands::windsurf_info] Windsurf info: name=Some("Mason White"), email=Some("w.i.ndsurf20260212+0yjku@gmail.com"), plan=Some("Pro"), version=Some("2.2.17")
[2026-05-09 18:04:46.086] [INFO] [windsurf_account_manager_lib::commands::windsurf_info] Windsurf info: name=Some("Ava Nelson"), email=Some("windsu.rf2.0260.212+2mlk1@gmail.com"), plan=None, version=Some("2.2.17")
[2026-05-09 18:04:51.086] [INFO] [windsurf_account_manager_lib::commands::windsurf_info] Windsurf info: name=Some("Mason White"), email=Some("w.i.ndsurf20260212+0yjku@gmail.com"), plan=Some("Pro"), version=Some("2.2.17")
[2026-05-09 18:04:51.087] [INFO] [windsurf_account_manager_lib::commands::windsurf_info] Windsurf info: name=Some("Ava Nelson"), email=Some("windsu.rf2.0260.212+2mlk1@gmail.com"), plan=None, version=Some("2.2.17")
[2026-05-09 18:04:54.387] [INFO] [windsurf_account_manager_lib::commands::windsurf_info] Windsurf info: name=Some("Mason White"), email=Some("w.i.ndsurf20260212+0yjku@gmail.com"), plan=Some("Pro"), version=Some("2.2.17")
[2026-05-09 18:04:55.685] [INFO] [windsurf_account_manager_lib::services::windsurf_service] [GetPlanStatus] Status code: 200, token_prefix=devin-session-token$eyJhb..., response_size=1792 bytes
[2026-05-09 18:04:55.739] [INFO] [windsurf_account_manager_lib::commands::windsurf_info] Windsurf info: name=Some("Mason White"), email=Some("w.i.ndsurf20260212+0yjku@gmail.com"), plan=Some("Pro"), version=Some("2.2.17")
[2026-05-09 18:04:55.740] [INFO] [windsurf_account_manager_lib::commands::windsurf_info] Windsurf info: name=Some("Ava Nelson"), email=Some("windsu.rf2.0260.212+2mlk1@gmail.com"), plan=None, version=Some("2.2.17")
[2026-05-09 18:04:56.088] [INFO] [windsurf_account_manager_lib::commands::windsurf_info] Windsurf info: name=Some("Mason White"), email=Some("w.i.ndsurf20260212+0yjku@gmail.com"), plan=Some("Pro"), version=Some("2.2.17")
[2026-05-09 18:04:56.088] [INFO] [windsurf_account_manager_lib::commands::windsurf_info] Windsurf info: name=Some("Ava Nelson"), email=Some("windsu.rf2.0260.212+2mlk1@gmail.com"), plan=None, version=Some("2.2.17")
[2026-05-09 18:05:01.088] [INFO] [windsurf_account_manager_lib::commands::windsurf_info] Windsurf info: name=Some("Mason White"), email=Some("w.i.ndsurf20260212+0yjku@gmail.com"), plan=Some("Pro"), version=Some("2.2.17")
[2026-05-09 18:05:01.089] [INFO] [windsurf_account_manager_lib::commands::windsurf_info] Windsurf info: name=Some("Ava Nelson"), email=Some("windsu.rf2.0260.212+2mlk1@gmail.com"), plan=None, version=Some("2.2.17")
[2026-05-09 18:05:04.434] [INFO] [windsurf_account_manager_lib::commands::windsurf_info] Windsurf info: name=Some("Mason White"), email=Some("w.i.ndsurf20260212+0yjku@gmail.com"), plan=Some("Pro"), version=Some("2.2.17")
[2026-05-09 18:05:04.434] [INFO] [windsurf_account_manager_lib::commands::windsurf_info] Windsurf info: name=Some("Ava Nelson"), email=Some("windsu.rf2.0260.212+2mlk1@gmail.com"), plan=None, version=Some("2.2.17")
[2026-05-09 18:05:06.089] [INFO] [windsurf_account_manager_lib::commands::windsurf_info] Windsurf info: name=Some("Mason White"), email=Some("w.i.ndsurf20260212+0yjku@gmail.com"), plan=Some("Pro"), version=Some("2.2.17")
[2026-05-09 18:05:06.090] [INFO] [windsurf_account_manager_lib::commands::windsurf_info] Windsurf info: name=Some("Ava Nelson"), email=Some("windsu.rf2.0260.212+2mlk1@gmail.com"), plan=None, version=Some("2.2.17")
[2026-05-09 18:05:11.104] [INFO] [windsurf_account_manager_lib::commands::windsurf_info] Windsurf info: name=Some("Mason White"), email=Some("w.i.ndsurf20260212+0yjku@gmail.com"), plan=Some("Pro"), version=Some("2.2.17")
[2026-05-09 18:05:11.105] [INFO] [windsurf_account_manager_lib::commands::windsurf_info] Windsurf info: name=Some("Ava Nelson"), email=Some("windsu.rf2.0260.212+2mlk1@gmail.com"), plan=None, version=Some("2.2.17")
[2026-05-09 18:05:14.515] [INFO] [windsurf_account_manager_lib::commands::windsurf_info] Windsurf info: name=Some("Mason White"), email=Some("w.i.ndsurf20260212+0yjku@gmail.com"), plan=Some("Pro"), version=Some("2.2.17")
[2026-05-09 18:05:14.516] [INFO] [windsurf_account_manager_lib::commands::windsurf_info] Windsurf info: name=Some("Ava Nelson"), email=Some("windsu.rf2.0260.212+2mlk1@gmail.com"), plan=None, version=Some("2.2.17")
[2026-05-09 18:05:14.518] [INFO] [windsurf_account_manager_lib::commands::windsurf_info] Windsurf info: name=Some("Ava Nelson"), email=Some("windsu.rf2.0260.212+2mlk1@gmail.com"), plan=None, version=Some("2.2.17")
[2026-05-09 18:05:15.142] [INFO] [windsurf_account_manager_lib::services::windsurf_service] [GetPlanStatus] Status code: 200, token_prefix=devin-session-token$eyJhb..., response_size=1792 bytes
[2026-05-09 18:05:16.097] [INFO] [windsurf_account_manager_lib::commands::windsurf_info] Windsurf info: name=Some("Mason White"), email=Some("w.i.ndsurf20260212+0yjku@gmail.com"), plan=Some("Pro"), version=Some("2.2.17")
[2026-05-09 18:05:16.098] [INFO] [windsurf_account_manager_lib::commands::windsurf_info] Windsurf info: name=Some("Ava Nelson"), email=Some("windsu.rf2.0260.212+2mlk1@gmail.com"), plan=None, version=Some("2.2.17")
